******************************************************************************
             TMS320C2000 Linker PC v6.2.7                      
******************************************************************************
>> Linked Thu Jul 02 08:31:42 2015

OUTPUT FILE NAME:   <InvertorCntrl.out>
ENTRY POINT SYMBOL: "_c_int00"  address: 00304647


MEMORY CONFIGURATION

         name            origin    length      used     unused   attr    fill
----------------------  --------  ---------  --------  --------  ----  --------
PAGE 0:
  BEGIN_M0              00000000   00000002  00000000  00000002  RWIX
  L0123SARAM            00008000   00000800  0000001f  000007e1  RWIX
  FLASH_ABCDEFGH        00300000   0003ff80  00004bf5  0003b38b  R   
  CSM_RSVD              0033ff80   00000076  00000000  00000076  R   
  BEGIN_FLASH           0033fff6   00000002  00000002  00000000  R   
  PASSWORDS             0033fff8   00000008  00000000  00000008  R   
  OTP                   00380400   00000400  00000000  00000400  R   
  IQTABLES              003fe000   00000b50  00000000  00000b50  R   
  IQTABLES2             003feb50   0000008c  00000000  0000008c  R   
  FPUTABLES             003febdc   000006a0  00000000  000006a0  R   
  RESET                 003fffc0   00000002  00000000  00000002  R   

PAGE 1:
  M0SARAM               00000000   000003fe  00000000  000003fe  RWIX
  M1SARAM               00000400   00000400  00000400  00000000  RWIX
  DEV_EMU               00000880   00000180  000000d0  000000b0  RWIX
  FLASH_REGS            00000a80   00000060  00000008  00000058  RWIX
  CSM                   00000ae0   00000010  00000010  00000000  RWIX
  ADC_MIRROR            00000b00   00000010  00000010  00000000  RWIX
  XINTF                 00000b20   00000020  0000001e  00000002  RWIX
  CPU_TIMER0            00000c00   00000008  00000008  00000000  RWIX
  CPU_TIMER1            00000c08   00000008  00000008  00000000  RWIX
  CPU_TIMER2            00000c10   00000008  00000008  00000000  RWIX
  PIE_CTRL              00000ce0   00000020  0000001a  00000006  RWIX
  PIE_VECT              00000d00   00000100  00000100  00000000  RWIX
  DMA                   00001000   00000200  000000e0  00000120  RWIX
  MCBSPA                00005000   00000040  00000025  0000001b  RWIX
  MCBSPB                00005040   00000040  00000025  0000001b  RWIX
  ECANA                 00006000   00000040  00000034  0000000c  RWIX
  ECANA_LAM             00006040   00000040  00000040  00000000  RWIX
  ECANA_MOTS            00006080   00000040  00000040  00000000  RWIX
  ECANA_MOTO            000060c0   00000040  00000040  00000000  RWIX
  ECANA_MBOX            00006100   00000100  00000100  00000000  RWIX
  ECANB                 00006200   00000040  00000034  0000000c  RWIX
  ECANB_LAM             00006240   00000040  00000040  00000000  RWIX
  ECANB_MOTS            00006280   00000040  00000040  00000000  RWIX
  ECANB_MOTO            000062c0   00000040  00000040  00000000  RWIX
  ECANB_MBOX            00006300   00000100  00000100  00000000  RWIX
  EPWM1                 00006800   00000022  00000022  00000000  RWIX
  EPWM2                 00006840   00000022  00000022  00000000  RWIX
  EPWM3                 00006880   00000022  00000022  00000000  RWIX
  EPWM4                 000068c0   00000022  00000022  00000000  RWIX
  EPWM5                 00006900   00000022  00000022  00000000  RWIX
  EPWM6                 00006940   00000022  00000022  00000000  RWIX
  ECAP1                 00006a00   00000020  00000020  00000000  RWIX
  ECAP2                 00006a20   00000020  00000020  00000000  RWIX
  ECAP3                 00006a40   00000020  00000020  00000000  RWIX
  ECAP4                 00006a60   00000020  00000020  00000000  RWIX
  ECAP5                 00006a80   00000020  00000020  00000000  RWIX
  ECAP6                 00006aa0   00000020  00000020  00000000  RWIX
  EQEP1                 00006b00   00000040  00000040  00000000  RWIX
  EQEP2                 00006b40   00000040  00000040  00000000  RWIX
  GPIOCTRL              00006f80   00000040  0000002e  00000012  RWIX
  GPIODAT               00006fc0   00000020  00000020  00000000  RWIX
  GPIOINT               00006fe0   00000020  0000000a  00000016  RWIX
  SYSTEM                00007010   00000020  00000020  00000000  RWIX
  SPIA                  00007040   00000010  00000010  00000000  RWIX
  SCIA                  00007050   00000010  00000010  00000000  RWIX
  XINTRUPT              00007070   00000010  00000010  00000000  RWIX
  ADC                   00007100   00000020  0000001e  00000002  RWIX
  SCIB                  00007750   00000010  00000010  00000000  RWIX
  SCIC                  00007770   00000010  00000010  00000000  RWIX
  I2CA                  00007900   00000040  00000022  0000001e  RWIX
  L0SARAM               00008800   00001800  00000000  00001800  RWIX
  RAML2                 0000a000   00002000  00001000  00001000  RWIX
  L4SARAM               0000c000   00002000  000015ab  00000a55  RWIX
  L6SARAM               0000e000   00001000  00000c00  00000400  RWIX
  L7SARAM               0000f000   00001000  00000000  00001000  RWIX
  CSM_PWL               0033fff8   00000008  00000008  00000000  RWIX
  PARTID                00380090   00000001  00000001  00000000  RWIX


SECTION ALLOCATION MAP

 output                                  attributes/
section   page    origin      length       input sections
--------  ----  ----------  ----------   ----------------
.pinit     0    00300000    00000000     UNINITIALIZED

ramfuncs   0    00008000    00000000     UNINITIALIZED

.text      0    00300000    00004906     
                  00300000    00000428     AnalogInput.obj (.text)
                  00300428    000003fa     DefaultIsr_nonBIOS.obj (.text:retain)
                  00300822    00000388     MotorCntrl.obj (.text)
                  00300baa    00000313     ScalarFreqToVoltag.obj (.text)
                  00300ebd    000002e2     cntrlPwm.obj (.text)
                  0030119f    000002da     MessureCntrl.obj (.text)
                  00301479    000002ce     CommandSlave.obj (.text)
                  00301747    0000025c     PWM.obj (.text)
                  003019a3    00000237     AveragValue.obj (.text)
                  00301bda    00000210     Oscilograph.obj (.text)
                  00301dea    000001da     taskCntrl.obj (.text)
                  00301fc4    000001d7     rts2800_fpu32.lib : memory.obj (.text)
                  0030219b    000001ab     ledBlink.obj (.text)
                  00302346    00000153     modbusDataRefr.obj (.text)
                  00302499    00000147     PWM.obj (.text:retain)
                  003025e0    00000143     CntrlVoltagLimit.obj (.text)
                  00302723    0000013f     cntrlCurrentLoad.obj (.text)
                  00302862    00000134     AccelDecelTime.obj (.text)
                  00302996    0000012b     OutCurrentCalc.obj (.text)
                  00302ac1    00000120     registers.obj (.text)
                  00302be1    00000112     MessageASCII.obj (.text)
                  00302cf3    0000010e     CntrlConvertor.obj (.text)
                  00302e01    00000109     AdcCntrl.obj (.text)
                  00302f0a    00000107     cntrlCurrentLimit.obj (.text)
                  00303011    000000fb     IRcompensation.obj (.text)
                  0030310c    000000f8     SimplePidCntrl.obj (.text)
                  00303204    000000e3     cntrlTransfUartB.obj (.text)
                  003032e7    000000e3     cntrlTransferUart_485.obj (.text)
                  003033ca    000000e3     cntrlUartTransfer.obj (.text)
                  003034ad    000000e0     OsCntrl.obj (.text)
                  0030358d    000000cd     cntrlModBus.obj (.text)
                  0030365a    000000ca     I2Ccontrol.obj (.text)
                  00303724    000000c5     cntrlPidSimple.obj (.text)
                  003037e9    000000c4     Rs485MbusASCII.obj (.text)
                  003038ad    000000c1     I2Ccore.obj (.text)
                  0030396e    000000bf     cntrlUART.obj (.text)
                  00303a2d    000000bb     StartStopCntrl.obj (.text)
                  00303ae8    000000b7     ConvertorRun.obj (.text)
                  00303b9f    000000b7     initSys.obj (.text)
                  00303c56    000000b0     EEControl.obj (.text)
                  00303d06    000000ac     main.obj (.text)
                  00303db2    0000009a     SysTime.obj (.text)
                  00303e4c    00000098     UartRs485.obj (.text)
                  00303ee4    00000095     UartAdded.obj (.text)
                  00303f79    00000092     cntrlUART.obj (.text:retain)
                  0030400b    0000008e     UartAdded.obj (.text:retain)
                  00304099    0000008e     UartRs485.obj (.text:retain)
                  00304127    0000008a     ReleCntrl.obj (.text)
                  003041b1    00000088     rts2800_fpu32.lib : fs_div.obj (.text)
                  00304239    00000086     CargConvertor.obj (.text)
                  003042bf    00000085     DC_Decelaration.obj (.text)
                  00304344    0000007d     DiscretInp.obj (.text)
                  003043c1    0000007c     Trgonom.obj (.text)
                  0030443d    00000078     rs485Mbus.obj (.text)
                  003044b5    0000006f     rts2800_fpu32.lib : atan.obj (.text)
                  00304524    00000064     DiscrOutPut.obj (.text)
                  00304588    00000063     shell.obj (.text)
                  003045eb    0000005c     rs485Timer.obj (.text)
                  00304647    00000046     rts2800_fpu32.lib : boot.obj (.text)
                  0030468d    00000044     StopConvertor.obj (.text)
                  003046d1    0000003e     cntrlBrek.obj (.text)
                  0030470f    00000036     AdcCntrl.obj (.text:retain)
                  00304745    0000002e     SysTime.obj (.text:retain)
                  00304773    00000027     StatusConvertor.obj (.text)
                  0030479a    00000023     OffConvertor.obj (.text)
                  003047bd    00000001     --HOLE-- [fill = 0]
                  003047be    00000023     rts2800_fpu32.lib : sqrt.obj (.text)
                  003047e1    00000022                       : i_div.obj (.text)
                  00304803    00000021                       : memcpy_ff.obj (.text)
                  00304824    0000001f     ErrorCntrl.obj (.text)
                  00304843    0000001d     rs485Timer.obj (.text:retain)
                  00304860    0000001a     ResetEprom.obj (.text)
                  0030487a    0000001a     Rs485hub.obj (.text)
                  00304894    00000019     rts2800_fpu32.lib : args_main.obj (.text)
                  003048ad    00000019                       : exit.obj (.text)
                  003048c6    00000014     Flow485Cntrl.obj (.text)
                  003048da    00000010     DSP2833x_usDelay.obj (.text)
                  003048ea    0000000b     rts2800_fpu32.lib : u_div.obj (.text)
                  003048f5    00000009                       : _lock.obj (.text)
                  003048fe    00000008                       : strlen.obj (.text)

secureRamFuncs 
*          0    00304906    0000001f     RUN ADDR = 00008000
                  00304906    0000001f     initSys.obj (secureRamFuncs)

.econst    0    00304926    0000024c     
                  00304926    00000100     PieVect_nonBIOS.obj (.econst)
                  00304a26    00000100     ResetEprom.obj (.econst:_START_ROM)
                  00304b26    00000022     Trgonom.obj (.econst:_sinCnst)
                  00304b48    00000011     MessageASCII.obj (.econst:.string:_ascii_cod)
                  00304b59    00000001     --HOLE-- [fill = 0]
                  00304b5a    00000010     shell.obj (.econst:.string)
                  00304b6a    00000008     rts2800_fpu32.lib : atan.obj (.econst:_a$1)

.cinit     0    00304b72    00000052     
                  00304b72    00000016     MessureCntrl.obj (.cinit)
                  00304b88    0000000a     rts2800_fpu32.lib : _lock.obj (.cinit)
                  00304b92    0000000a                       : exit.obj (.cinit)
                  00304b9c    00000009     I2Ccontrol.obj (.cinit)
                  00304ba5    00000007     shell.obj (.cinit)
                  00304bac    00000005     AveragValue.obj (.cinit)
                  00304bb1    00000005     taskCntrl.obj (.cinit)
                  00304bb6    00000004     CommandSlave.obj (.cinit)
                  00304bba    00000004     rts2800_fpu32.lib : errno.obj (.cinit)
                  00304bbe    00000004                       : memory.obj (.cinit)
                  00304bc2    00000002     --HOLE-- [fill = 0]

.switch    0    00304bc4    00000032     
                  00304bc4    00000032     Oscilograph.obj (.switch:_getValOSC)

codestart 
*          0    0033fff6    00000002     
                  0033fff6    00000002     StartUp.obj (codestart)

.reset     0    003fffc0    00000002     DSECT
                  003fffc0    00000002     rts2800_fpu32.lib : boot.obj (.reset)

.stack     1    00000400    00000400     UNINITIALIZED
                  00000400    00000400     --HOLE--

DevEmuRegsFile 
*          1    00000880    000000d0     UNINITIALIZED
                  00000880    000000d0     DSP2833x_GlobalVariableDefs.obj (DevEmuRegsFile)

FlashRegsFile 
*          1    00000a80    00000008     UNINITIALIZED
                  00000a80    00000008     DSP2833x_GlobalVariableDefs.obj (FlashRegsFile)

CsmRegsFile 
*          1    00000ae0    00000010     UNINITIALIZED
                  00000ae0    00000010     DSP2833x_GlobalVariableDefs.obj (CsmRegsFile)

AdcMirrorFile 
*          1    00000b00    00000010     UNINITIALIZED
                  00000b00    00000010     DSP2833x_GlobalVariableDefs.obj (AdcMirrorFile)

XintfRegsFile 
*          1    00000b20    0000001e     UNINITIALIZED
                  00000b20    0000001e     DSP2833x_GlobalVariableDefs.obj (XintfRegsFile)

CpuTimer0RegsFile 
*          1    00000c00    00000008     UNINITIALIZED
                  00000c00    00000008     DSP2833x_GlobalVariableDefs.obj (CpuTimer0RegsFile)

CpuTimer1RegsFile 
*          1    00000c08    00000008     UNINITIALIZED
                  00000c08    00000008     DSP2833x_GlobalVariableDefs.obj (CpuTimer1RegsFile)

CpuTimer2RegsFile 
*          1    00000c10    00000008     UNINITIALIZED
                  00000c10    00000008     DSP2833x_GlobalVariableDefs.obj (CpuTimer2RegsFile)

PieCtrlRegsFile 
*          1    00000ce0    0000001a     UNINITIALIZED
                  00000ce0    0000001a     DSP2833x_GlobalVariableDefs.obj (PieCtrlRegsFile)

PieVectTableFile 
*          1    00000d00    00000100     UNINITIALIZED
                  00000d00    00000100     DSP2833x_GlobalVariableDefs.obj (PieVectTableFile)

DmaRegsFile 
*          1    00001000    000000e0     UNINITIALIZED
                  00001000    000000e0     DSP2833x_GlobalVariableDefs.obj (DmaRegsFile)

McbspaRegsFile 
*          1    00005000    00000025     UNINITIALIZED
                  00005000    00000025     DSP2833x_GlobalVariableDefs.obj (McbspaRegsFile)

McbspbRegsFile 
*          1    00005040    00000025     UNINITIALIZED
                  00005040    00000025     DSP2833x_GlobalVariableDefs.obj (McbspbRegsFile)

ECanaRegsFile 
*          1    00006000    00000034     UNINITIALIZED
                  00006000    00000034     DSP2833x_GlobalVariableDefs.obj (ECanaRegsFile)

ECanaLAMRegsFile 
*          1    00006040    00000040     UNINITIALIZED
                  00006040    00000040     DSP2833x_GlobalVariableDefs.obj (ECanaLAMRegsFile)

ECanaMOTSRegsFile 
*          1    00006080    00000040     UNINITIALIZED
                  00006080    00000040     DSP2833x_GlobalVariableDefs.obj (ECanaMOTSRegsFile)

ECanaMOTORegsFile 
*          1    000060c0    00000040     UNINITIALIZED
                  000060c0    00000040     DSP2833x_GlobalVariableDefs.obj (ECanaMOTORegsFile)

ECanaMboxesFile 
*          1    00006100    00000100     UNINITIALIZED
                  00006100    00000100     DSP2833x_GlobalVariableDefs.obj (ECanaMboxesFile)

ECanbRegsFile 
*          1    00006200    00000034     UNINITIALIZED
                  00006200    00000034     DSP2833x_GlobalVariableDefs.obj (ECanbRegsFile)

ECanbLAMRegsFile 
*          1    00006240    00000040     UNINITIALIZED
                  00006240    00000040     DSP2833x_GlobalVariableDefs.obj (ECanbLAMRegsFile)

ECanbMOTSRegsFile 
*          1    00006280    00000040     UNINITIALIZED
                  00006280    00000040     DSP2833x_GlobalVariableDefs.obj (ECanbMOTSRegsFile)

ECanbMOTORegsFile 
*          1    000062c0    00000040     UNINITIALIZED
                  000062c0    00000040     DSP2833x_GlobalVariableDefs.obj (ECanbMOTORegsFile)

ECanbMboxesFile 
*          1    00006300    00000100     UNINITIALIZED
                  00006300    00000100     DSP2833x_GlobalVariableDefs.obj (ECanbMboxesFile)

EPwm1RegsFile 
*          1    00006800    00000022     UNINITIALIZED
                  00006800    00000022     DSP2833x_GlobalVariableDefs.obj (EPwm1RegsFile)

EPwm2RegsFile 
*          1    00006840    00000022     UNINITIALIZED
                  00006840    00000022     DSP2833x_GlobalVariableDefs.obj (EPwm2RegsFile)

EPwm3RegsFile 
*          1    00006880    00000022     UNINITIALIZED
                  00006880    00000022     DSP2833x_GlobalVariableDefs.obj (EPwm3RegsFile)

EPwm4RegsFile 
*          1    000068c0    00000022     UNINITIALIZED
                  000068c0    00000022     DSP2833x_GlobalVariableDefs.obj (EPwm4RegsFile)

EPwm5RegsFile 
*          1    00006900    00000022     UNINITIALIZED
                  00006900    00000022     DSP2833x_GlobalVariableDefs.obj (EPwm5RegsFile)

EPwm6RegsFile 
*          1    00006940    00000022     UNINITIALIZED
                  00006940    00000022     DSP2833x_GlobalVariableDefs.obj (EPwm6RegsFile)

ECap1RegsFile 
*          1    00006a00    00000020     UNINITIALIZED
                  00006a00    00000020     DSP2833x_GlobalVariableDefs.obj (ECap1RegsFile)

ECap2RegsFile 
*          1    00006a20    00000020     UNINITIALIZED
                  00006a20    00000020     DSP2833x_GlobalVariableDefs.obj (ECap2RegsFile)

ECap3RegsFile 
*          1    00006a40    00000020     UNINITIALIZED
                  00006a40    00000020     DSP2833x_GlobalVariableDefs.obj (ECap3RegsFile)

ECap4RegsFile 
*          1    00006a60    00000020     UNINITIALIZED
                  00006a60    00000020     DSP2833x_GlobalVariableDefs.obj (ECap4RegsFile)

ECap5RegsFile 
*          1    00006a80    00000020     UNINITIALIZED
                  00006a80    00000020     DSP2833x_GlobalVariableDefs.obj (ECap5RegsFile)

ECap6RegsFile 
*          1    00006aa0    00000020     UNINITIALIZED
                  00006aa0    00000020     DSP2833x_GlobalVariableDefs.obj (ECap6RegsFile)

EQep1RegsFile 
*          1    00006b00    00000040     UNINITIALIZED
                  00006b00    00000040     DSP2833x_GlobalVariableDefs.obj (EQep1RegsFile)

EQep2RegsFile 
*          1    00006b40    00000040     UNINITIALIZED
                  00006b40    00000040     DSP2833x_GlobalVariableDefs.obj (EQep2RegsFile)

GpioCtrlRegsFile 
*          1    00006f80    0000002e     UNINITIALIZED
                  00006f80    0000002e     DSP2833x_GlobalVariableDefs.obj (GpioCtrlRegsFile)

GpioDataRegsFile 
*          1    00006fc0    00000020     UNINITIALIZED
                  00006fc0    00000020     DSP2833x_GlobalVariableDefs.obj (GpioDataRegsFile)

GpioIntRegsFile 
*          1    00006fe0    0000000a     UNINITIALIZED
                  00006fe0    0000000a     DSP2833x_GlobalVariableDefs.obj (GpioIntRegsFile)

SysCtrlRegsFile 
*          1    00007010    00000020     UNINITIALIZED
                  00007010    00000020     DSP2833x_GlobalVariableDefs.obj (SysCtrlRegsFile)

SpiaRegsFile 
*          1    00007040    00000010     UNINITIALIZED
                  00007040    00000010     DSP2833x_GlobalVariableDefs.obj (SpiaRegsFile)

SciaRegsFile 
*          1    00007050    00000010     UNINITIALIZED
                  00007050    00000010     DSP2833x_GlobalVariableDefs.obj (SciaRegsFile)

XIntruptRegsFile 
*          1    00007070    00000010     UNINITIALIZED
                  00007070    00000010     DSP2833x_GlobalVariableDefs.obj (XIntruptRegsFile)

AdcRegsFile 
*          1    00007100    0000001e     UNINITIALIZED
                  00007100    0000001e     DSP2833x_GlobalVariableDefs.obj (AdcRegsFile)

ScibRegsFile 
*          1    00007750    00000010     UNINITIALIZED
                  00007750    00000010     DSP2833x_GlobalVariableDefs.obj (ScibRegsFile)

ScicRegsFile 
*          1    00007770    00000010     UNINITIALIZED
                  00007770    00000010     DSP2833x_GlobalVariableDefs.obj (ScicRegsFile)

I2caRegsFile 
*          1    00007900    00000022     UNINITIALIZED
                  00007900    00000022     DSP2833x_GlobalVariableDefs.obj (I2caRegsFile)

.sysmem    1    0000a000    00001000     UNINITIALIZED
                  0000a000    00000001     rts2800_fpu32.lib : memory.obj (.sysmem)
                  0000a001    00000fff     --HOLE--

.bss       1    0000c000    00000000     UNINITIALIZED

.ebss      1    0000c000    000015ab     UNINITIALIZED
                  0000c000    00000840     AdcCntrl.obj (.ebss)
                  0000c840    00000640     AveragValue.obj (.ebss)
                  0000ce80    00000180     registers.obj (.ebss)
                  0000d000    00000140     cntrlModBus.obj (.ebss)
                  0000d140    000000c0     cntrlTransfUartB.obj (.ebss)
                  0000d200    000000c0     cntrlTransferUart_485.obj (.ebss)
                  0000d2c0    000000c0     cntrlUartTransfer.obj (.ebss)
                  0000d380    000000c0     rs485Mbus.obj (.ebss)
                  0000d440    00000028     AnalogInput.obj (.ebss)
                  0000d468    00000014     MessureCntrl.obj (.ebss)
                  0000d47c    00000004     I2Ccontrol.obj (.ebss)
                  0000d480    00000022     ScalarFreqToVoltag.obj (.ebss)
                  0000d4a2    00000012     DetectSpeed.obj (.ebss)
                  0000d4b4    0000000c     AquaState.obj (.ebss)
                  0000d4c0    00000012     SimplePidCntrl.obj (.ebss)
                  0000d4d2    00000010     AccelDecelTime.obj (.ebss)
                  0000d4e2    00000010     CntrlVoltagLimit.obj (.ebss)
                  0000d4f2    0000000e     cntrlPwm.obj (.ebss)
                  0000d500    0000000e     errorTrak.obj (.ebss)
                  0000d50e    0000000c     IRcompensation.obj (.ebss)
                  0000d51a    0000000c     OsCntrl.obj (.ebss)
                  0000d526    0000000c     Oscilograph.obj (.ebss)
                  0000d532    0000000c     cntrlCurrentLimit.obj (.ebss)
                  0000d53e    00000002     Flow485Cntrl.obj (.ebss)
                  0000d540    0000000a     CntrlConvertor.obj (.ebss)
                  0000d54a    0000000a     ConvertorRun.obj (.ebss)
                  0000d554    0000000a     OutCurrentCalc.obj (.ebss)
                  0000d55e    0000000a     cntrlCurrentLoad.obj (.ebss)
                  0000d568    0000000a     ledBlink.obj (.ebss)
                  0000d572    00000008     rts2800_fpu32.lib : memory.obj (.ebss)
                  0000d57a    00000006     DC_Decelaration.obj (.ebss)
                  0000d580    00000006     MotorCntrl.obj (.ebss)
                  0000d586    00000006     main.obj (.ebss)
                  0000d58c    00000004     SysTime.obj (.ebss)
                  0000d590    00000004     rts2800_fpu32.lib : _lock.obj (.ebss)
                  0000d594    00000004                       : exit.obj (.ebss)
                  0000d598    00000004     shell.obj (.ebss)
                  0000d59c    00000004     taskCntrl.obj (.ebss)
                  0000d5a0    00000003     PWM.obj (.ebss)
                  0000d5a3    00000001     CommandSlave.obj (.ebss)
                  0000d5a4    00000002     Rs485MbusASCII.obj (.ebss)
                  0000d5a6    00000002     cntrlBrek.obj (.ebss)
                  0000d5a8    00000001     StatusConvertor.obj (.ebss)
                  0000d5a9    00000001     cntrlPidSimple.obj (.ebss)
                  0000d5aa    00000001     rts2800_fpu32.lib : errno.obj (.ebss)

trackmem   1    0000e000    00000c00     UNINITIALIZED
                  0000e000    00000c00     errorTrak.obj (trackmem)

CsmPwlFile 
*          1    0033fff8    00000008     UNINITIALIZED
                  0033fff8    00000008     DSP2833x_GlobalVariableDefs.obj (CsmPwlFile)

PartIdRegsFile 
*          1    00380090    00000001     UNINITIALIZED
                  00380090    00000001     DSP2833x_GlobalVariableDefs.obj (PartIdRegsFile)


GLOBAL DATA SYMBOLS: SORTED BY DATA PAGE

address     data page           name
--------    ----------------    ----
00000400      10 (00000400)     __stack

00000880      22 (00000880)     _DevEmuRegs

00000a80      2a (00000a80)     _FlashRegs

00000ae0      2b (00000ac0)     _CsmRegs

00000b00      2c (00000b00)     _AdcMirror
00000b20      2c (00000b00)     _XintfRegs

00000c00      30 (00000c00)     _CpuTimer0Regs
00000c08      30 (00000c00)     _CpuTimer1Regs
00000c10      30 (00000c00)     _CpuTimer2Regs

00000ce0      33 (00000cc0)     _PieCtrlRegs

00000d00      34 (00000d00)     _PieVectTable

00001000      40 (00001000)     _DmaRegs

00005000     140 (00005000)     _McbspaRegs

00005040     141 (00005040)     _McbspbRegs

00006000     180 (00006000)     _ECanaRegs

00006040     181 (00006040)     _ECanaLAMRegs

00006080     182 (00006080)     _ECanaMOTSRegs

000060c0     183 (000060c0)     _ECanaMOTORegs

00006100     184 (00006100)     _ECanaMboxes

00006200     188 (00006200)     _ECanbRegs

00006240     189 (00006240)     _ECanbLAMRegs

00006280     18a (00006280)     _ECanbMOTSRegs

000062c0     18b (000062c0)     _ECanbMOTORegs

00006300     18c (00006300)     _ECanbMboxes

00006800     1a0 (00006800)     _EPwm1Regs

00006840     1a1 (00006840)     _EPwm2Regs

00006880     1a2 (00006880)     _EPwm3Regs

000068c0     1a3 (000068c0)     _EPwm4Regs

00006900     1a4 (00006900)     _EPwm5Regs

00006940     1a5 (00006940)     _EPwm6Regs

00006a00     1a8 (00006a00)     _ECap1Regs
00006a20     1a8 (00006a00)     _ECap2Regs

00006a40     1a9 (00006a40)     _ECap3Regs
00006a60     1a9 (00006a40)     _ECap4Regs

00006a80     1aa (00006a80)     _ECap5Regs
00006aa0     1aa (00006a80)     _ECap6Regs

00006b00     1ac (00006b00)     _EQep1Regs

00006b40     1ad (00006b40)     _EQep2Regs

00006f80     1be (00006f80)     _GpioCtrlRegs

00006fc0     1bf (00006fc0)     _GpioDataRegs
00006fe0     1bf (00006fc0)     _GpioIntRegs

00007010     1c0 (00007000)     _SysCtrlRegs

00007040     1c1 (00007040)     _SpiaRegs
00007050     1c1 (00007040)     _SciaRegs
00007070     1c1 (00007040)     _XIntruptRegs

00007100     1c4 (00007100)     _AdcRegs

00007750     1dd (00007740)     _ScibRegs
00007770     1dd (00007740)     _ScicRegs

00007900     1e4 (00007900)     _I2caRegs

0000a000     280 (0000a000)     __sys_memory

0000c000     300 (0000c000)     _cntIntgrADC
0000c001     300 (0000c000)     _AdcIntegr
0000c009     300 (0000c000)     _AdcRes

0000c040     301 (0000c040)     _adcIntegrSumm

0000c840     321 (0000c840)     _numberAverag
0000c841     321 (0000c840)     _pntrModul
0000c842     321 (0000c840)     _pntrAveragU
0000c843     321 (0000c840)     _pntrAveragI
0000c844     321 (0000c840)     _dlAveragUdc
0000c845     321 (0000c840)     _dlAverag
0000c846     321 (0000c840)     _summIm
0000c848     321 (0000c840)     _averagUd
0000c84a     321 (0000c840)     _summIq
0000c84c     321 (0000c840)     _averagId
0000c84e     321 (0000c840)     _averagIq
0000c850     321 (0000c840)     _summId
0000c852     321 (0000c840)     _averagIm

0000c880     322 (0000c880)     _arrayIb

0000ca80     32a (0000ca80)     _arrayUdc

0000cc80     332 (0000cc80)     _arrayIa

0000ce80     33a (0000ce80)     _CoilMb
0000ce90     33a (0000ce80)     _InputBitMb

0000cec0     33b (0000cec0)     _InputMb

0000cf00     33c (0000cf00)     _RegisterMb

0000d000     340 (0000d000)     _State_RX
0000d001     340 (0000d000)     _cnt
0000d002     340 (0000d000)     _UCH_DELAY_MBUS_DL

0000d040     341 (0000d040)     _RX_MSG

0000d140     345 (0000d140)     _pntrBRC
0000d141     345 (0000d140)     _pntrBTX

0000d180     346 (0000d180)     _BuferBRC

0000d1c0     347 (0000d1c0)     _BuferBTX

0000d200     348 (0000d200)     _pntr485RC
0000d201     348 (0000d200)     _pntr485TX

0000d240     349 (0000d240)     _Bufer485RC

0000d280     34a (0000d280)     _Bufer485TX

0000d2c0     34b (0000d2c0)     _pntrRC
0000d2c1     34b (0000d2c0)     _pntrTX

0000d300     34c (0000d300)     _BuferRC

0000d340     34d (0000d340)     _BuferTX

0000d380     34e (0000d380)     _mbusMsgPntr
0000d381     34e (0000d380)     _adress485Mbus
0000d382     34e (0000d380)     _testMbusMsg
0000d384     34e (0000d380)     _trstPntrMbus
0000d386     34e (0000d380)     _answMbusMsg

0000d3c0     34f (0000d3c0)     _mbusMsg

0000d440     351 (0000d440)     _paramOs
0000d442     351 (0000d440)     _paramTask
0000d444     351 (0000d440)     _inputTask
0000d446     351 (0000d440)     _signalOs
0000d448     351 (0000d440)     _inputOs
0000d44a     351 (0000d440)     _signalTask
0000d44c     351 (0000d440)     _limitOS
0000d45a     351 (0000d440)     _limitTask
0000d468     351 (0000d440)     _zerroShiftPhaseA
0000d469     351 (0000d440)     _zerroShiftPhaseB
0000d46e     351 (0000d440)     _mshtVoltag
0000d476     351 (0000d440)     _mshtCurrent
0000d478     351 (0000d440)     _UCH_DELAY_MESURE_DL
0000d47c     351 (0000d440)     _I2C_State
0000d47e     351 (0000d440)     _currentI2C

0000d480     352 (0000d480)     _satVoltag
0000d482     352 (0000d480)     _satFreq
0000d484     352 (0000d480)     _nominalVout
0000d486     352 (0000d480)     _UperF
0000d488     352 (0000d480)     _UwithFreq
0000d48a     352 (0000d480)     _UFkl
0000d492     352 (0000d480)     _Fkl
0000d49a     352 (0000d480)     _Ukl
0000d4a2     352 (0000d480)     _findDir
0000d4a4     352 (0000d480)     _deltaFindM
0000d4a6     352 (0000d480)     _koefFind1
0000d4a8     352 (0000d480)     _koefFind2
0000d4aa     352 (0000d480)     _currentSubLim
0000d4ac     352 (0000d480)     _currentLimit
0000d4ae     352 (0000d480)     _voltagFind
0000d4b0     352 (0000d480)     _freqFind
0000d4b2     352 (0000d480)     _stepFreqFind
0000d4b4     352 (0000d480)     _AccelSlowAqua
0000d4b5     352 (0000d480)     _stateWater
0000d4b6     352 (0000d480)     _subStateWater
0000d4b8     352 (0000d480)     _AquaFmin
0000d4ba     352 (0000d480)     _Pmin
0000d4bc     352 (0000d480)     _Fwater
0000d4be     352 (0000d480)     _AquaFmax

0000d4c0     353 (0000d4c0)     _DirectionReg
0000d4c2     353 (0000d4c0)     _valueOsM1
0000d4c4     353 (0000d4c0)     _K3os
0000d4c6     353 (0000d4c0)     _maxOs
0000d4c8     353 (0000d4c0)     _valueOsM2
0000d4ca     353 (0000d4c0)     _minOs
0000d4cc     353 (0000d4c0)     _K1os
0000d4ce     353 (0000d4c0)     _analogOs
0000d4d0     353 (0000d4c0)     _K2os
0000d4d2     353 (0000d4c0)     _timeAdded
0000d4d3     353 (0000d4c0)     _DecelTime
0000d4d4     353 (0000d4c0)     _kTimeDecel
0000d4d5     353 (0000d4c0)     _kTimeDecelMax
0000d4d6     353 (0000d4c0)     _AccelTime
0000d4d8     353 (0000d4c0)     _stepDecel
0000d4da     353 (0000d4c0)     _limitCurrentTm
0000d4dc     353 (0000d4c0)     _limitCurrentId
0000d4de     353 (0000d4c0)     _stepAccel
0000d4e0     353 (0000d4c0)     _cosFiTime
0000d4e2     353 (0000d4c0)     _nominalVoltag
0000d4e4     353 (0000d4c0)     _minVoltag
0000d4e6     353 (0000d4c0)     _maxVoltag
0000d4e8     353 (0000d4c0)     _overvolt_K2
0000d4ea     353 (0000d4c0)     _overvolt_K1
0000d4ec     353 (0000d4c0)     _deltaV1
0000d4ee     353 (0000d4c0)     _overvolt
0000d4f0     353 (0000d4c0)     _limitVoltag
0000d4f2     353 (0000d4c0)     _sectorPntr
0000d4f3     353 (0000d4c0)     _sectorConer
0000d4f4     353 (0000d4c0)     _TimeTS
0000d4f6     353 (0000d4c0)     _nominalPwr
0000d4f8     353 (0000d4c0)     _conerVout
0000d4fa     353 (0000d4c0)     _nominalStep
0000d4fc     353 (0000d4c0)     _stepVout
0000d4fe     353 (0000d4c0)     _amplVout

0000d500     354 (0000d500)     _pntrErrorStr
0000d502     354 (0000d500)     _lastCorrectionFi
0000d504     354 (0000d500)     _lastCorrektionFu
0000d506     354 (0000d500)     _lastUdcMiddle
0000d508     354 (0000d500)     _lastTask
0000d50a     354 (0000d500)     _lastIbyT
0000d50c     354 (0000d500)     _lastFinv
0000d50e     354 (0000d500)     _Compensation
0000d51a     354 (0000d500)     _statusOS
0000d51b     354 (0000d500)     _OsTaskMode
0000d51c     354 (0000d500)     _modeOs
0000d51d     354 (0000d500)     _delayPID
0000d51e     354 (0000d500)     _PidOsPrg
0000d520     354 (0000d500)     _taskFinvOs
0000d522     354 (0000d500)     _UCH_DELAY_PID_DL
0000d528     354 (0000d500)     _OscVal3
0000d52a     354 (0000d500)     _OscVal2
0000d52c     354 (0000d500)     _OscVal1
0000d52e     354 (0000d500)     _UCH_DELAY_OSC_DL
0000d532     354 (0000d500)     _limCurrent
0000d534     354 (0000d500)     _deltaM1
0000d536     354 (0000d500)     _overload_K1
0000d538     354 (0000d500)     _maxCurrent
0000d53a     354 (0000d500)     _overload_K2
0000d53c     354 (0000d500)     _overload
0000d53e     354 (0000d500)     _Flow485Cntrl

0000d540     355 (0000d540)     _modeConvertor
0000d541     355 (0000d540)     _subMode
0000d542     355 (0000d540)     _UCH_DELAY_Mirror_DL
0000d546     355 (0000d540)     _UCH_DELAY_CONV_DL
0000d54a     355 (0000d540)     _FlagPwmSet
0000d54b     355 (0000d540)     _delayCnt
0000d54c     355 (0000d540)     _taskF
0000d54e     355 (0000d540)     _currentV
0000d550     355 (0000d540)     _currentF
0000d552     355 (0000d540)     _taskV
0000d554     355 (0000d540)     _statusOutCurrent
0000d556     355 (0000d540)     _OutCurrentVal
0000d55e     355 (0000d540)     _nomCurrent
0000d560     355 (0000d540)     _IbyTLimit
0000d562     355 (0000d540)     _nomCurrentH
0000d564     355 (0000d540)     _cntrlLimitAlg
0000d566     355 (0000d540)     _IbyT
0000d568     355 (0000d540)     _stateLed
0000d56b     355 (0000d540)     _modeLed
0000d56e     355 (0000d540)     _UCH_DELAY_LED_BLINK
0000d57a     355 (0000d540)     _TimeDecelDc
0000d57b     355 (0000d540)     _TimeDecelDcBgn
0000d57c     355 (0000d540)     _DcVoltagLevel
0000d57e     355 (0000d540)     _FreqDcDecel

0000d580     356 (0000d580)     _cntDelayMC
0000d581     356 (0000d580)     _statusRun
0000d582     356 (0000d580)     _mainTask
0000d584     356 (0000d580)     _MaxInvertorFrequency
0000d586     356 (0000d580)     _cntSlDtDl
0000d588     356 (0000d580)     _UCH_DELAY_SLOW_DATA_DL
0000d58c     356 (0000d580)     _SystemTime
0000d58e     356 (0000d580)     _listTimeTic
0000d590     356 (0000d580)     __unlock
0000d592     356 (0000d580)     __lock
0000d594     356 (0000d580)     ___TI_cleanup_ptr
0000d596     356 (0000d580)     ___TI_dtors_ptr
0000d598     356 (0000d580)     _CmdArray
0000d59c     356 (0000d580)     _ModeTaskMain
0000d59e     356 (0000d580)     _TaskAct
0000d5a0     356 (0000d580)     _timePwm
0000d5a3     356 (0000d580)     _uchSlave
0000d5a4     356 (0000d580)     _timeRecive
0000d5a6     356 (0000d580)     _levelBreak
0000d5a8     356 (0000d580)     _statusConvertor
0000d5a9     356 (0000d580)     _stateSimplePid
0000d5aa     356 (0000d580)     _errno

0000e000     380 (0000e000)     _trackCurrentB

0000e200     388 (0000e200)     _trackCurrentA

0000e400     390 (0000e400)     _trackVoltagDC

0000e600     398 (0000e600)     _trackCurrentIq

0000e800     3a0 (0000e800)     _trackCurerntId

0000ea00     3a8 (0000ea00)     _trackCurrentIm

00304926    c124 (00304900)     _PieVectTableInit

00304a26    c128 (00304a00)     _START_ROM

00304b26    c12c (00304b00)     _sinCnst

00304b48    c12d (00304b40)     _ascii_cod

0033fff8    cfff (0033ffc0)     _CsmPwl

00380090    e002 (00380080)     _PartIdRegs


GLOBAL SYMBOLS: SORTED ALPHABETICALLY BY Name 

address    name
--------   ----
0000c000   .bss
00300000   .text
003048ad   C$$EXIT
003041b1   FS$$DIV
003047e1   I$$DIV
003047f2   I$$MOD
003048ea   U$$DIV
003048ef   U$$MOD
0030051e   _ADCINT_ISR
00302c51   _ASCII
0000d4b4   _AccelSlowAqua
0000d4d6   _AccelTime
003009e4   _Accelaration
00300b20   _AccelarationPause
0000c001   _AdcIntegr
00000b00   _AdcMirror
00007100   _AdcRegs
0000c009   _AdcRes
0000d4be   _AquaFmax
0000d4b8   _AquaFmin
00302be1   _Bin
0000d240   _Bufer485RC
0000d280   _Bufer485TX
0000d180   _BuferBRC
0000d1c0   _BuferBTX
0000d300   _BuferRC
0000d340   _BuferTX
0000d598   _CmdArray
0030158b   _CmdCoilCheng
003015aa   _CmdGetCoils
00301623   _CmdGetInputBits
00301524   _CmdGetInputReg
003014d2   _CmdGetReadingReg
00301576   _CmdRegSet
0030169c   _CmdRegsNeedSet
0000ce80   _CoilMb
0000d50e   _Compensation
00302ca9   _ConvertMessag
00302c5d   _ConvertString
00000c00   _CpuTimer0Regs
00000c08   _CpuTimer1Regs
00000c10   _CpuTimer2Regs
0033fff8   _CsmPwl
00000ae0   _CsmRegs
0030043c   _DATALOG_ISR
003006ba   _DINTCH1_ISR
003006c8   _DINTCH2_ISR
003006d6   _DINTCH3_ISR
003006e4   _DINTCH4_ISR
003006f2   _DINTCH5_ISR
00300700   _DINTCH6_ISR
003042ff   _DcDecelatration
0000d57c   _DcVoltagLevel
003016d1   _DeCompileMessageSlv
0000d4d3   _DecelTime
00300abb   _Decelaration
00300b5e   _DecelarationPause
00300a65   _DecelarationStop
00000880   _DevEmuRegs
0000d4c0   _DirectionReg
00303c1e   _DisableDog
00303a8b   _DiscrStartStopCntrl
00001000   _DmaRegs
0030077e   _ECAN0INTA_ISR
0030079a   _ECAN0INTB_ISR
0030078c   _ECAN1INTA_ISR
003007a8   _ECAN1INTB_ISR
003005f3   _ECAP1_INT_ISR
00300604   _ECAP2_INT_ISR
00300612   _ECAP3_INT_ISR
00300620   _ECAP4_INT_ISR
0030062e   _ECAP5_INT_ISR
0030063c   _ECAP6_INT_ISR
00006040   _ECanaLAMRegs
000060c0   _ECanaMOTORegs
00006080   _ECanaMOTSRegs
00006100   _ECanaMboxes
00006000   _ECanaRegs
00006240   _ECanbLAMRegs
000062c0   _ECanbMOTORegs
00006280   _ECanbMOTSRegs
00006300   _ECanbMboxes
00006200   _ECanbRegs
00006a00   _ECap1Regs
00006a20   _ECap2Regs
00006a40   _ECap3Regs
00006a60   _ECap4Regs
00006a80   _ECap5Regs
00006aa0   _ECap6Regs
00300450   _EMUINT_ISR
0030059f   _EPWM1_INT_ISR
0030054b   _EPWM1_TZINT_ISR
003005ad   _EPWM2_INT_ISR
00300559   _EPWM2_TZINT_ISR
003005bb   _EPWM3_INT_ISR
00300567   _EPWM3_TZINT_ISR
003005c9   _EPWM4_INT_ISR
00300575   _EPWM4_TZINT_ISR
003005d7   _EPWM5_INT_ISR
00300583   _EPWM5_TZINT_ISR
003005e5   _EPWM6_INT_ISR
00300591   _EPWM6_TZINT_ISR
00006800   _EPwm1Regs
00006840   _EPwm2Regs
00006880   _EPwm3Regs
000068c0   _EPwm4Regs
00006900   _EPwm5Regs
00006940   _EPwm6Regs
0030064a   _EQEP1_INT_ISR
00300658   _EQEP2_INT_ISR
00006b00   _EQep1Regs
00006b40   _EQep2Regs
0000d492   _Fkl
0000d54a   _FlagPwmSet
00000a80   _FlashRegs
0000d53e   _Flow485Cntrl
0000d57e   _FreqDcDecel
0000d4bc   _Fwater
00302cff   _GET_TIME_CONV_DL
003021a7   _GET_TIME_LED_BLINK
00303599   _GET_TIME_MBUS_DL
003011ab   _GET_TIME_MESURE_DL
00302d14   _GET_TIME_Mirror_DL
00301be6   _GET_TIME_OSC_DL
003034b9   _GET_TIME_PID_DL
00303d12   _GET_TIME_SLOW_DATA_DL
00302ac1   _GetCoil
00302af5   _GetInpBit
00302b2a   _GetInpReg
00301c60   _GetMsgOsc
00302b60   _GetRegister
00006f80   _GpioCtrlRegs
00006fc0   _GpioDataRegs
00006fe0   _GpioIntRegs
0030070e   _I2CINT1A_ISR
0030071c   _I2CINT2A_ISR
00303675   _I2C_Control
0000d47c   _I2C_State
00007900   _I2caRegs
00300464   _ILLEGAL_ISR
00300428   _INT13_ISR
00300432   _INT14_ISR
0000d566   _IbyT
0000d560   _IbyTLimit
0030395f   _Idle_I2C
00302e01   _InitAdcHD
00301774   _InitEPwmGpio
00303d05   _InitEeContr
00008000   _InitFlash
003035a2   _InitFlow
0030371e   _InitI2C
003038ad   _InitI2CCore
00301dbb   _InitOSC
00303c26   _InitPieCtrl
003039b7   _InitSciaGpio
00303efb   _InitScibGpio
00303993   _InitScicGpio
00303b9f   _InitSysCtrl
0000ce90   _InputBitMb
0000cec0   _InputMb
0000d4cc   _K1os
0000d4d0   _K2os
0000d4c4   _K3os
00303540   _KaskadPidOs
00302cde   _LRC
0030080a   _LUF_ISR
003007fc   _LVF_ISR
0030069e   _MRINTA_ISR
00300682   _MRINTB_ISR
003006ac   _MXINTA_ISR
00300690   _MXINTB_ISR
0000d584   _MaxInvertorFrequency
00005000   _McbspaRegs
00005040   _McbspbRegs
00301481   _MirrorAdrMbus
0000d59c   _ModeTaskMain
00301bef   _MsgOsc
0030045a   _NMI_ISR
0000d51b   _OsTaskMode
0000d52c   _OscVal1
0000d52a   _OscVal2
0000d528   _OscVal3
0000d556   _OutCurrentVal
00380090   _PartIdRegs
0000d51e   _PidOsPrg
00000ce0   _PieCtrlRegs
00000d00   _PieVectTable
00304926   _PieVectTableInit
0000d4ba   _Pmin
0030365a   _PutI2CTask
00302d03   _REG_TINE_CONV_DL
003021ab   _REG_TINE_LED_BLINK
0030359d   _REG_TINE_MBUS_DL
003011af   _REG_TINE_MESURE_DL
00302d18   _REG_TINE_Mirror_DL
00301bea   _REG_TINE_OSC_DL
003034bd   _REG_TINE_PID_DL
00303d16   _REG_TINE_SLOW_DATA_DL
00302cfa   _REM_DELAY_CONV_DL
003021a2   _REM_DELAY_LED_BLINK
00303594   _REM_DELAY_MBUS_DL
003011a6   _REM_DELAY_MESURE_DL
00302d0f   _REM_DELAY_Mirror_DL
00301be1   _REM_DELAY_OSC_DL
003034b4   _REM_DELAY_PID_DL
00303d0d   _REM_DELAY_SLOW_DATA_DL
00300446   _RTOSINT_ISR
0000d040   _RX_MSG
00008000   _RamfuncsLoadEnd
00000000   _RamfuncsLoadSize
00008000   _RamfuncsLoadStart
00008000   _RamfuncsRunStart
00303cec   _ReadAndWait
00303c76   _ReadEE
00303c96   _ReadEE_LN
00303cb6   _ReadRegister
0030394e   _ReadyI2C
0000cf00   _RegisterMb
00304860   _ResetEEPROM
00300746   _SCIRXINTA_ISR
00300762   _SCIRXINTB_ISR
0030072a   _SCIRXINTC_ISR
00300754   _SCITXINTA_ISR
00300770   _SCITXINTB_ISR
00300738   _SCITXINTC_ISR
003004e6   _SEQ1INT_ISR
003004f4   _SEQ2INT_ISR
00302cf3   _SET_DELAY_CONV_DL
0030219b   _SET_DELAY_LED_BLINK
0030358d   _SET_DELAY_MBUS_DL
0030119f   _SET_DELAY_MESURE_DL
00302d08   _SET_DELAY_Mirror_DL
00301bda   _SET_DELAY_OSC_DL
003034ad   _SET_DELAY_PID_DL
00303d06   _SET_DELAY_SLOW_DATA_DL
00300666   _SPIRXINTA_ISR
00300674   _SPITXINTA_ISR
00304a26   _START_ROM
00007050   _SciaRegs
00007750   _ScibRegs
00007770   _ScicRegs
00302ae3   _SetCoil
00302b18   _SetInpBit
00302b4d   _SetInpReg
00302b84   _SetRegister
00007040   _SpiaRegs
0000d000   _State_RX
00007010   _SysCtrlRegs
0000d58c   _SystemTime
0030052f   _TINT0_ISR
0000d59e   _TaskAct
0000d57a   _TimeDecelDc
0000d57b   _TimeDecelDcBgn
0000d4f4   _TimeTS
0000d546   _UCH_DELAY_CONV_DL
0000d56e   _UCH_DELAY_LED_BLINK
0000d002   _UCH_DELAY_MBUS_DL
0000d478   _UCH_DELAY_MESURE_DL
0000d542   _UCH_DELAY_Mirror_DL
0000d52e   _UCH_DELAY_OSC_DL
0000d522   _UCH_DELAY_PID_DL
0000d588   _UCH_DELAY_SLOW_DATA_DL
0000d48a   _UFkl
003004c8   _USER10_ISR
003004d2   _USER11_ISR
003004dc   _USER12_ISR
0030046e   _USER1_ISR
00300478   _USER2_ISR
00300482   _USER3_ISR
0030048c   _USER4_ISR
00300496   _USER5_ISR
003004a0   _USER6_ISR
003004aa   _USER7_ISR
003004b4   _USER8_ISR
003004be   _USER9_ISR
003035b8   _UartFlowControl
0000d49a   _Ukl
0000d486   _UperF
0000d488   _UwithFreq
0030053d   _WAKEINT_ISR
00303cd6   _WriteAndWait
00303c56   _WriteEE
00303cc6   _WriteRegister
00300502   _XINT1_ISR
00300510   _XINT2_ISR
003007b6   _XINT3_ISR
003007c4   _XINT4_ISR
003007d2   _XINT5_ISR
003007e0   _XINT6_ISR
003007ee   _XINT7_ISR
00007070   _XIntruptRegs
00000b20   _XintfRegs
00000800   __STACK_END
00000400   __STACK_SIZE
00001000   __SYSMEM_SIZE
00000001   __TI_args_main
0000d594   ___TI_cleanup_ptr
0000d596   ___TI_dtors_ptr
ffffffff   ___binit__
0000c000   ___bss__
ffffffff   ___c_args__
00304b72   ___cinit__
0000c000   ___end__
00304906   ___etext__
00304803   ___memcpy_ff
ffffffff   ___pinit__
00300000   ___text__
00304894   __args_main
0000d592   __lock
003048fd   __nop
003048f9   __register_lock
003048f5   __register_unlock
00000400   __stack
0000a000   __sys_memory
0000d590   __unlock
003048ad   _abort
0000c040   _adcIntegrSumm
0030470f   _adc_isr
00303dff   _addedTimeTic
0000d381   _adress485Mbus
0000d4fe   _amplVout
0000d4ce   _analogOs
0000d386   _answMbusMsg
0000cc80   _arrayIa
0000c880   _arrayIb
0000ca80   _arrayUdc
00304b48   _ascii_cod
003044b5   _atan
0000c84c   _averagId
0000c852   _averagIm
0000c84e   _averagIq
0000c848   _averagUd
00304647   _c_int00
003019a3   _calkAveregUd
00302183   _calloc
003048d2   _chengFlow485cntrl
00302181   _chkheap
00303ae8   _clrConvertorRunData
0030232d   _clrPin1
00302337   _clrPin2
00302341   _clrPin3
0030477f   _clrStatusConvertor
00303581   _clrStatusOs
0000d001   _cnt
0000d580   _cntDelayMC
0000c000   _cntIntgrADC
0000d586   _cntSlDtDl
003048cb   _cntrFlow485
003011ba   _cntrlAdcMessure
00302e8e   _cntrlAdcModul
00300093   _cntrlAnalogOS
00300074   _cntrlAnalogTask
00301a09   _cntrlAverageModul
00301acf   _cntrlAverageMsr
003046f9   _cntrlBreak
00302d44   _cntrlConvertor
00304571   _cntrlDiscrPinOut
003017c8   _cntrlIO_PIN
00302841   _cntrlIbyT
00302ebf   _cntrlIntegreteADC
00300847   _cntrlInvOutParam
003030a0   _cntrlIrCompensation
00302215   _cntrlLedMode
0000d564   _cntrlLimitAlg
00304480   _cntrlMbusMsg
0030487a   _cntrlModbuAndShellRecive
00300868   _cntrlMotorCntrlPause
0030351b   _cntrlOsPid
0030452b   _cntrlOutPin
00302f73   _cntrlOverload
00302692   _cntrlOvervoltag
00303119   _cntrlPIDregulator
00303724   _cntrlPidSimple
00303827   _cntrlRs485ASCII
00304588   _cntrlShellMsg
00303d1b   _cntrlSlowData
00303a9b   _cntrlStartStopDir
00301362   _cntrlZerroShift
00301354   _compareMidleValue
0000d4f8   _conerVout
0030089b   _controlPwm
0000d4e0   _cosFiTime
003024d3   _cpu_pwm_err1_isr
00302516   _cpu_pwm_err2_isr
00302559   _cpu_pwm_err3_isr
0030259c   _cpu_pwm_err4_isr
00302499   _cpu_pwm_prd_isr
00304745   _cpu_timer0_isr
00304843   _cpu_timer485_isr
0000d550   _currentF
0000d47e   _currentI2C
0000d4ac   _currentLimit
0000d4aa   _currentSubLim
0000d54e   _currentV
0000d54b   _delayCnt
0000d51d   _delayPID
0000d4a4   _deltaFindM
0000d534   _deltaM1
0000d4ec   _deltaV1
0030199e   _disablePwmInt
00303a28   _disableSciRcInt
00303f74   _disableSciRcIntAddRS
00303edf   _disableSciRcInt_485
00303a1e   _disableSciTxInt
00303f6e   _disableSciTxIntAddRS
00303ed5   _disableSciTxInt_485
0000c845   _dlAverag
0000c844   _dlAveragUdc
00300f31   _enableCntrlPwm
00301999   _enablePwmInt
00303a23   _enableSciRcInt
00303f6f   _enableSciRcIntAddRS
00303eda   _enableSciRcInt_485
00303a19   _enableSciTxInt
00303f69   _enableSciTxIntAddRS
00303ed0   _enableSciTxInt_485
0000d5aa   _errno
003048af   _exit
0000d4a2   _findDir
00301fc4   _free
00302163   _free_memory
0000d4b0   _freqFind
0030291d   _getAccelTime
00303011   _getAddedFrequency
00301d5a   _getAddedFrequencyOsc
00303016   _getAddedVoltag
003029c5   _getAlfaVal
003000a8   _getAnalogOs
00300030   _getAnalogParam
00300000   _getAnalogSignal
00300089   _getAnalogTask
00301a67   _getAveragDl
00301a5d   _getAveragId
00301a58   _getAveragIm
00301a62   _getAveragIq
00301b0e   _getAverageVoltagDC
00302eec   _getAveregResult
003033cf   _getCharUart
003032ec   _getCharUart485
00303209   _getCharUartB
0030149d   _getCmdCode
00304239   _getCntrlChargConvertor
00304824   _getCntrlErrorConvertorState
0030479a   _getCntrlOffConvertor
00303b12   _getCntrlRunConvertor
0030468d   _getCntrlStopConvertor
00302ad4   _getCoil
00301d4b   _getConerU
003009a6   _getCorrectionVoltag
00304433   _getCos
00303dc6   _getCountTimer
00300ebd   _getCurrentConer
00303afe   _getCurrentFreq
00303b03   _getCurrentVinv
00302972   _getDecelTime
00301def   _getDiscrTask
00301ceb   _getExtOS
00301d0b   _getExtOSAv
00301cdb   _getExtTask
00301cfb   _getExtTaskAv
00303afa   _getFlagPwmSet
003034cb   _getFtaskOs
00302723   _getIbyT
0030299e   _getIdVal
003029b8   _getImVal
00302b08   _getInpBit
00302b3d   _getInpReg
003012c9   _getIntegrVoltagDC
00303b08   _getInvertorFreq
00303b0d   _getInvertorVinv
003029ab   _getIqVal
00300c7d   _getLineAproximVoltag
00301f41   _getMainTask
00301b13   _getMaxVoltagDC
00301cbb   _getMessureA
00301ccb   _getMessureB
00302d1d   _getModeConvertor
00301262   _getMomentaryCurrentA
00301288   _getMomentaryCurrentB
003012ae   _getMomentaryVoltagDC
00302ee4   _getMomenteryResult
0030095d   _getMotorFrequency
003009ae   _getMotorVoltag
0030354a   _getNormaOs
003029d6   _getOutCurrent
00301434   _getOutToDcCurrent
00302fac   _getOverloadFrequency
003026e9   _getOvervoltagFrequency
003017f8   _getPeriodPWM
00301172   _getPhaseTimePWM
003031ff   _getPidOs
00300c5d   _getPieceLine
00301d1b   _getPwmA
00301d2b   _getPwmB
00301d3b   _getPwmC
0030393a   _getReadI2Cmsg
003014a3   _getRegAdr
003014c1   _getRegCnt
003014b2   _getRegVal
00302b74   _getRegister
00301b78   _getRmsCurrent
00300ec2   _getSectorConer
003000ad   _getSignalOs
0030008e   _getSignalTask
00300c2d   _getSimpleVoltagFromFrequency
003043f6   _getSin
0030275f   _getSqrIbyT
00304788   _getStatusConvertor
00303589   _getStatusOs
00300822   _getStatusRun
003029d2   _getStatusVal
00302991   _getStepAccelCheng
0030298c   _getStepDecelCheng
003043c1   _getTableSin
00301dea   _getTaskAct
00300f93   _getTau
00300fb3   _getTimePWM
00301747   _getTimePwm
00303457   _getTxBuf
00303374   _getTxBuf485
0030334a   _getTxBuf485ForInt
00303291   _getTxBufB
00303267   _getTxBufBForInt
0030342d   _getTxBufForInt
003039d3   _getUART_RC
00303f23   _getUART_RCAddRS
00303e8a   _getUART_RC_485
00301d5d   _getValOSC
00300bc1   _getVoltagFromFrequency
00302e1b   _initADC
003003d0   _initAllAnalogInput
00300254   _initAnalogOsSignal
003000b2   _initAnalogTaskSignal
003019c8   _initAverageMsr
003046d1   _initBreak
00302de0   _initCntrlConvertor
00303e6e   _initCoreUART_485
0030396e   _initCoreUART_A
00303f0f   _initCoreUART_B
003039a9   _initCoreUART_C
00303db2   _initCountTime
003042bf   _initDcDecelation
00304344   _initDiscrInput
00304127   _initDiscrOut
00304524   _initDiscrPinOut
003048c6   _initFlow485Cntrl
003039cd   _initGPOIUart
00303e4c   _initGPOIUart485
00303f1d   _initGPOIUartAddRS
00302b9c   _initHoldingReg
0030279e   _initIbyTLimit
0030301b   _initIrCompensation
003021b0   _initLed
00300cf3   _initLineAproximVoltage
00304454   _initMbusMsg
003011d0   _initMessure
003011b4   _initMessureHD
0030488b   _initModbusAndShell
0030444b   _initModbusType
003034d0   _initOsPid
00302f0a   _initOverloadCntrl
003025e0   _initOvervoltCntrl
0030318d   _initPIDregulator
0030181d   _initPWM
003037e4   _initPidCntrlSimple
00304605   _initRS485Timer
00304773   _initStatusConvertor
00303dca   _initSysTime
00301fb4   _initTaskMain
0030397c   _initUART
00303ee4   _initUARTAddRS
00303e7d   _initUART_485
00300cbd   _initUFklPiece
003032e7   _initUart485Bufer
00303204   _initUartBBufer
003033ca   _initUartBufer
003039ff   _initUartInt
00303f4f   _initUartIntAddRS
00303eb6   _initUartInt_485
0000d448   _inputOs
0000d444   _inputTask
0000d4d4   _kTimeDecel
0000d4d5   _kTimeDecelMax
0000d4a6   _koefFind1
0000d4a8   _koefFind2
0000d502   _lastCorrectionFi
0000d504   _lastCorrektionFu
0000d50c   _lastFinv
0000d50a   _lastIbyT
0000d508   _lastTask
0000d506   _lastUdcMiddle
0000d5a6   _levelBreak
0000d532   _limCurrent
0000d4dc   _limitCurrentId
0000d4da   _limitCurrentTm
0000d44c   _limitOS
0000d45a   _limitTask
0000d4f0   _limitVoltag
0000d58e   _listTimeTic
00303d46   _main
0000d582   _mainTask
0030202d   _malloc
0000d538   _maxCurrent
0000d4c6   _maxOs
0000d4e6   _maxVoltag
00302141   _max_free
0000d3c0   _mbusMsg
0000d380   _mbusMsgPntr
0000d4ca   _minOs
0000d4e4   _minVoltag
00302007   _minit
003003d5   _mirrorAnalogInp
0000d540   _modeConvertor
0000d56b   _modeLed
0000d51c   _modeOs
00303a5b   _modePdirStopPrew
00303a2d   _modeSPD
0000d476   _mshtCurrent
0000d46e   _mshtVoltag
0030352c   _noPidOs
0000d55e   _nomCurrent
0000d562   _nomCurrentH
0000d4f6   _nominalPwr
0000d4fa   _nominalStep
0000d4e2   _nominalVoltag
0000d484   _nominalVout
0000c840   _numberAverag
0030417a   _offBufferEn
00304184   _offChargeRele
003041a2   _offDistOK1
003041ac   _offDistOK2
00304198   _offDistRele
0030418e   _offPwrRele
00304175   _onBufferEn
0030417f   _onChargeRele
0030419d   _onDistOK1
003041a7   _onDistOK2
00304193   _onDistRele
00304189   _onPwrRele
0000d53c   _overload
0000d536   _overload_K1
0000d53a   _overload_K2
0000d4ee   _overvolt
0000d4ea   _overvolt_K1
0000d4e8   _overvolt_K2
0000d440   _paramOs
0000d442   _paramTask
0000d200   _pntr485RC
0000d201   _pntr485TX
0000c843   _pntrAveragI
0000c842   _pntrAveragU
0000d140   _pntrBRC
0000d141   _pntrBTX
0000d500   _pntrErrorStr
0000c841   _pntrModul
0000d2c0   _pntrRC
0000d2c1   _pntrTX
00302862   _presetAccelDecel
003012e4   _presetAdc
00300baa   _presetFreqToVoltag
00300ecb   _presetPwmTime
00300bd1   _presetSimpleFreqToVoltag
00302d2e   _protectCntrl
00303df5   _protectSysTimer
00303485   _putCharUart
003033a2   _putCharUart485
003032bf   _putCharUartB
003033fd   _putRcBuf
0030331a   _putRcBuf485
00303335   _putRcBuf485FromInt
00303237   _putRcBufB
00303252   _putRcBufBFromInt
00303418   _putRcBufFromInt
0030208c   _realloc
00302996   _refrOutCurrent
00302346   _refreshRegisterMbus
00303e1e   _removeTimeTic
003038f5   _restartI2Cwrite
00300f79   _rotateVectorVout
003046f4   _rstBreak
00300826   _rstCntrlPwm
00302987   _rstDecelReg
00300f27   _rstPwmCntrl
00300818   _rsvd_ISR
003045eb   _runTxDelay
0000d482   _satFreq
0000d480   _satVoltag
00300c45   _scaleVoltagPwm
00303e62   _sci485_fifo_init
00303fc3   _sciRxFifoIsr
003040e3   _sciRxFifoIsr_485
00303f79   _sciTxFifoIsr
00304099   _sciTxFifoIsr_485
003039d0   _sci_fifo_init
00303f20   _sci_fifo_initAddRS
00303987   _scia_fifo_init
00304055   _scibRxFifoIsr
0030400b   _scibTxFifoIsr
00303eef   _scib_fifo_init
0000d4f3   _sectorConer
0000d4f2   _sectorPntr
0000001f   _secureRamFuncs_loadsize
00304906   _secureRamFuncs_loadstart
00008000   _secureRamFuncs_runstart
00301479   _setAdresMbus
00303511   _setAtomPidDelay
00303af5   _setFlagPwmSet
003034c2   _setFtaskOs
0030231b   _setLedMode
0030310c   _setLimitOs
00302328   _setPin1
00302332   _setPin2
0030233c   _setPin3
00300ec6   _setPwmConer
0030196b   _setPwmDuty
0030197e   _setPwmPriod
00304777   _setStatusConvertor
0030357a   _setStatusOs
00300f70   _setStepAmpl
00300f3b   _setStepConer
003039ef   _setUART_TX
00303f3f   _setUART_TXAddRS
00303ea6   _setUART_TX_485
0000d446   _signalOs
0000d44a   _signalTask
00303520   _simplePidOs
00304b26   _sinCnst
003047be   _sqrt
00302673   _stabilisationByUdc
0030390a   _startReadFromAdrI2Cmsg
00303925   _startReadI2Cmsg
0000d568   _stateLed
0000d5a9   _stateSimplePid
0000d4b5   _stateWater
0000d5a8   _statusConvertor
0000d51a   _statusOS
0000d554   _statusOutCurrent
0000d581   _statusRun
0000d4de   _stepAccel
0000d4d8   _stepDecel
0000d4b2   _stepFreqFind
0000d4fc   _stepVout
003038fa   _stopI2Cmsg
003048fe   _strlen
0000d541   _subMode
0000d4b6   _subStateWater
0000c850   _summId
0000c846   _summIm
0000c84a   _summIq
0000d54c   _taskF
0000d520   _taskFinvOs
0000d552   _taskV
003037e9   _testASCIImsg
0030148f   _testAdress
0030443d   _testAdress485
0030176e   _testAllDriverError
003045c8   _testCmdShell
003043b2   _testDiscretInp
003045ad   _testEquStr
00301750   _testErrorPin
00303900   _testI2cNACK
00302852   _testIbyT
00302fc2   _testLimitCurrent
003026fb   _testLimitVoltag
0000d382   _testMbusMsg
00302fb5   _testOvercurrent
003026ee   _testOvervoltag
003034a4   _testRcBuf
003033c1   _testRcBuf485
003033c6   _testRcBuf485Cnt
003032de   _testRcBufB
003032e3   _testRcBufBCnt
003034a9   _testRcBufCnt
00302d21   _testRunState
0030458c   _testShellMsg
0030478f   _testStatusConvertor
00300f5f   _testStepDirection
003034a0   _testTxBuf
003033bd   _testTxBuf485
003032da   _testTxBufB
003039e3   _testUART_RC
00303f33   _testUART_RCAddRS
00303e9a   _testUART_RC_485
003039e9   _testUART_TX
00303f39   _testUART_TXAddRS
00303ea0   _testUART_TX_485
0030270f   _testUnderVoltag
0000d4d2   _timeAdded
0000d5a0   _timePwm
0000d5a4   _timeRecive
0000e800   _trackCurerntId
0000e200   _trackCurrentA
0000e000   _trackCurrentB
0000ea00   _trackCurrentIm
0000e600   _trackCurrentIq
0000e400   _trackVoltagDC
00301c90   _transmiteOscMsg
0030446c   _trstMsgMbus
0000d384   _trstPntrMbus
0000d5a3   _uchSlave
00303dfa   _unprotectSysTimer
003048da   _usDelay
0000d4c2   _valueOsM1
0000d4c8   _valueOsM2
0000d4ae   _voltagFind
00303536   _waterPidOs
003038d4   _writeI2Cmsg
0000d468   _zerroShiftPhaseA
0000d469   _zerroShiftPhaseB
ffffffff   binit
00304b72   cinit
0000c000   end
00304906   etext
ffffffff   pinit


GLOBAL SYMBOLS: SORTED BY Symbol Address 

address    name
--------   ----
00000000   _RamfuncsLoadSize
00000001   __TI_args_main
0000001f   _secureRamFuncs_loadsize
00000400   __STACK_SIZE
00000400   __stack
00000800   __STACK_END
00000880   _DevEmuRegs
00000a80   _FlashRegs
00000ae0   _CsmRegs
00000b00   _AdcMirror
00000b20   _XintfRegs
00000c00   _CpuTimer0Regs
00000c08   _CpuTimer1Regs
00000c10   _CpuTimer2Regs
00000ce0   _PieCtrlRegs
00000d00   _PieVectTable
00001000   _DmaRegs
00001000   __SYSMEM_SIZE
00005000   _McbspaRegs
00005040   _McbspbRegs
00006000   _ECanaRegs
00006040   _ECanaLAMRegs
00006080   _ECanaMOTSRegs
000060c0   _ECanaMOTORegs
00006100   _ECanaMboxes
00006200   _ECanbRegs
00006240   _ECanbLAMRegs
00006280   _ECanbMOTSRegs
000062c0   _ECanbMOTORegs
00006300   _ECanbMboxes
00006800   _EPwm1Regs
00006840   _EPwm2Regs
00006880   _EPwm3Regs
000068c0   _EPwm4Regs
00006900   _EPwm5Regs
00006940   _EPwm6Regs
00006a00   _ECap1Regs
00006a20   _ECap2Regs
00006a40   _ECap3Regs
00006a60   _ECap4Regs
00006a80   _ECap5Regs
00006aa0   _ECap6Regs
00006b00   _EQep1Regs
00006b40   _EQep2Regs
00006f80   _GpioCtrlRegs
00006fc0   _GpioDataRegs
00006fe0   _GpioIntRegs
00007010   _SysCtrlRegs
00007040   _SpiaRegs
00007050   _SciaRegs
00007070   _XIntruptRegs
00007100   _AdcRegs
00007750   _ScibRegs
00007770   _ScicRegs
00007900   _I2caRegs
00008000   _InitFlash
00008000   _RamfuncsLoadEnd
00008000   _RamfuncsLoadStart
00008000   _RamfuncsRunStart
00008000   _secureRamFuncs_runstart
0000a000   __sys_memory
0000c000   .bss
0000c000   ___bss__
0000c000   ___end__
0000c000   _cntIntgrADC
0000c000   end
0000c001   _AdcIntegr
0000c009   _AdcRes
0000c040   _adcIntegrSumm
0000c840   _numberAverag
0000c841   _pntrModul
0000c842   _pntrAveragU
0000c843   _pntrAveragI
0000c844   _dlAveragUdc
0000c845   _dlAverag
0000c846   _summIm
0000c848   _averagUd
0000c84a   _summIq
0000c84c   _averagId
0000c84e   _averagIq
0000c850   _summId
0000c852   _averagIm
0000c880   _arrayIb
0000ca80   _arrayUdc
0000cc80   _arrayIa
0000ce80   _CoilMb
0000ce90   _InputBitMb
0000cec0   _InputMb
0000cf00   _RegisterMb
0000d000   _State_RX
0000d001   _cnt
0000d002   _UCH_DELAY_MBUS_DL
0000d040   _RX_MSG
0000d140   _pntrBRC
0000d141   _pntrBTX
0000d180   _BuferBRC
0000d1c0   _BuferBTX
0000d200   _pntr485RC
0000d201   _pntr485TX
0000d240   _Bufer485RC
0000d280   _Bufer485TX
0000d2c0   _pntrRC
0000d2c1   _pntrTX
0000d300   _BuferRC
0000d340   _BuferTX
0000d380   _mbusMsgPntr
0000d381   _adress485Mbus
0000d382   _testMbusMsg
0000d384   _trstPntrMbus
0000d386   _answMbusMsg
0000d3c0   _mbusMsg
0000d440   _paramOs
0000d442   _paramTask
0000d444   _inputTask
0000d446   _signalOs
0000d448   _inputOs
0000d44a   _signalTask
0000d44c   _limitOS
0000d45a   _limitTask
0000d468   _zerroShiftPhaseA
0000d469   _zerroShiftPhaseB
0000d46e   _mshtVoltag
0000d476   _mshtCurrent
0000d478   _UCH_DELAY_MESURE_DL
0000d47c   _I2C_State
0000d47e   _currentI2C
0000d480   _satVoltag
0000d482   _satFreq
0000d484   _nominalVout
0000d486   _UperF
0000d488   _UwithFreq
0000d48a   _UFkl
0000d492   _Fkl
0000d49a   _Ukl
0000d4a2   _findDir
0000d4a4   _deltaFindM
0000d4a6   _koefFind1
0000d4a8   _koefFind2
0000d4aa   _currentSubLim
0000d4ac   _currentLimit
0000d4ae   _voltagFind
0000d4b0   _freqFind
0000d4b2   _stepFreqFind
0000d4b4   _AccelSlowAqua
0000d4b5   _stateWater
0000d4b6   _subStateWater
0000d4b8   _AquaFmin
0000d4ba   _Pmin
0000d4bc   _Fwater
0000d4be   _AquaFmax
0000d4c0   _DirectionReg
0000d4c2   _valueOsM1
0000d4c4   _K3os
0000d4c6   _maxOs
0000d4c8   _valueOsM2
0000d4ca   _minOs
0000d4cc   _K1os
0000d4ce   _analogOs
0000d4d0   _K2os
0000d4d2   _timeAdded
0000d4d3   _DecelTime
0000d4d4   _kTimeDecel
0000d4d5   _kTimeDecelMax
0000d4d6   _AccelTime
0000d4d8   _stepDecel
0000d4da   _limitCurrentTm
0000d4dc   _limitCurrentId
0000d4de   _stepAccel
0000d4e0   _cosFiTime
0000d4e2   _nominalVoltag
0000d4e4   _minVoltag
0000d4e6   _maxVoltag
0000d4e8   _overvolt_K2
0000d4ea   _overvolt_K1
0000d4ec   _deltaV1
0000d4ee   _overvolt
0000d4f0   _limitVoltag
0000d4f2   _sectorPntr
0000d4f3   _sectorConer
0000d4f4   _TimeTS
0000d4f6   _nominalPwr
0000d4f8   _conerVout
0000d4fa   _nominalStep
0000d4fc   _stepVout
0000d4fe   _amplVout
0000d500   _pntrErrorStr
0000d502   _lastCorrectionFi
0000d504   _lastCorrektionFu
0000d506   _lastUdcMiddle
0000d508   _lastTask
0000d50a   _lastIbyT
0000d50c   _lastFinv
0000d50e   _Compensation
0000d51a   _statusOS
0000d51b   _OsTaskMode
0000d51c   _modeOs
0000d51d   _delayPID
0000d51e   _PidOsPrg
0000d520   _taskFinvOs
0000d522   _UCH_DELAY_PID_DL
0000d528   _OscVal3
0000d52a   _OscVal2
0000d52c   _OscVal1
0000d52e   _UCH_DELAY_OSC_DL
0000d532   _limCurrent
0000d534   _deltaM1
0000d536   _overload_K1
0000d538   _maxCurrent
0000d53a   _overload_K2
0000d53c   _overload
0000d53e   _Flow485Cntrl
0000d540   _modeConvertor
0000d541   _subMode
0000d542   _UCH_DELAY_Mirror_DL
0000d546   _UCH_DELAY_CONV_DL
0000d54a   _FlagPwmSet
0000d54b   _delayCnt
0000d54c   _taskF
0000d54e   _currentV
0000d550   _currentF
0000d552   _taskV
0000d554   _statusOutCurrent
0000d556   _OutCurrentVal
0000d55e   _nomCurrent
0000d560   _IbyTLimit
0000d562   _nomCurrentH
0000d564   _cntrlLimitAlg
0000d566   _IbyT
0000d568   _stateLed
0000d56b   _modeLed
0000d56e   _UCH_DELAY_LED_BLINK
0000d57a   _TimeDecelDc
0000d57b   _TimeDecelDcBgn
0000d57c   _DcVoltagLevel
0000d57e   _FreqDcDecel
0000d580   _cntDelayMC
0000d581   _statusRun
0000d582   _mainTask
0000d584   _MaxInvertorFrequency
0000d586   _cntSlDtDl
0000d588   _UCH_DELAY_SLOW_DATA_DL
0000d58c   _SystemTime
0000d58e   _listTimeTic
0000d590   __unlock
0000d592   __lock
0000d594   ___TI_cleanup_ptr
0000d596   ___TI_dtors_ptr
0000d598   _CmdArray
0000d59c   _ModeTaskMain
0000d59e   _TaskAct
0000d5a0   _timePwm
0000d5a3   _uchSlave
0000d5a4   _timeRecive
0000d5a6   _levelBreak
0000d5a8   _statusConvertor
0000d5a9   _stateSimplePid
0000d5aa   _errno
0000e000   _trackCurrentB
0000e200   _trackCurrentA
0000e400   _trackVoltagDC
0000e600   _trackCurrentIq
0000e800   _trackCurerntId
0000ea00   _trackCurrentIm
00300000   .text
00300000   ___text__
00300000   _getAnalogSignal
00300030   _getAnalogParam
00300074   _cntrlAnalogTask
00300089   _getAnalogTask
0030008e   _getSignalTask
00300093   _cntrlAnalogOS
003000a8   _getAnalogOs
003000ad   _getSignalOs
003000b2   _initAnalogTaskSignal
00300254   _initAnalogOsSignal
003003d0   _initAllAnalogInput
003003d5   _mirrorAnalogInp
00300428   _INT13_ISR
00300432   _INT14_ISR
0030043c   _DATALOG_ISR
00300446   _RTOSINT_ISR
00300450   _EMUINT_ISR
0030045a   _NMI_ISR
00300464   _ILLEGAL_ISR
0030046e   _USER1_ISR
00300478   _USER2_ISR
00300482   _USER3_ISR
0030048c   _USER4_ISR
00300496   _USER5_ISR
003004a0   _USER6_ISR
003004aa   _USER7_ISR
003004b4   _USER8_ISR
003004be   _USER9_ISR
003004c8   _USER10_ISR
003004d2   _USER11_ISR
003004dc   _USER12_ISR
003004e6   _SEQ1INT_ISR
003004f4   _SEQ2INT_ISR
00300502   _XINT1_ISR
00300510   _XINT2_ISR
0030051e   _ADCINT_ISR
0030052f   _TINT0_ISR
0030053d   _WAKEINT_ISR
0030054b   _EPWM1_TZINT_ISR
00300559   _EPWM2_TZINT_ISR
00300567   _EPWM3_TZINT_ISR
00300575   _EPWM4_TZINT_ISR
00300583   _EPWM5_TZINT_ISR
00300591   _EPWM6_TZINT_ISR
0030059f   _EPWM1_INT_ISR
003005ad   _EPWM2_INT_ISR
003005bb   _EPWM3_INT_ISR
003005c9   _EPWM4_INT_ISR
003005d7   _EPWM5_INT_ISR
003005e5   _EPWM6_INT_ISR
003005f3   _ECAP1_INT_ISR
00300604   _ECAP2_INT_ISR
00300612   _ECAP3_INT_ISR
00300620   _ECAP4_INT_ISR
0030062e   _ECAP5_INT_ISR
0030063c   _ECAP6_INT_ISR
0030064a   _EQEP1_INT_ISR
00300658   _EQEP2_INT_ISR
00300666   _SPIRXINTA_ISR
00300674   _SPITXINTA_ISR
00300682   _MRINTB_ISR
00300690   _MXINTB_ISR
0030069e   _MRINTA_ISR
003006ac   _MXINTA_ISR
003006ba   _DINTCH1_ISR
003006c8   _DINTCH2_ISR
003006d6   _DINTCH3_ISR
003006e4   _DINTCH4_ISR
003006f2   _DINTCH5_ISR
00300700   _DINTCH6_ISR
0030070e   _I2CINT1A_ISR
0030071c   _I2CINT2A_ISR
0030072a   _SCIRXINTC_ISR
00300738   _SCITXINTC_ISR
00300746   _SCIRXINTA_ISR
00300754   _SCITXINTA_ISR
00300762   _SCIRXINTB_ISR
00300770   _SCITXINTB_ISR
0030077e   _ECAN0INTA_ISR
0030078c   _ECAN1INTA_ISR
0030079a   _ECAN0INTB_ISR
003007a8   _ECAN1INTB_ISR
003007b6   _XINT3_ISR
003007c4   _XINT4_ISR
003007d2   _XINT5_ISR
003007e0   _XINT6_ISR
003007ee   _XINT7_ISR
003007fc   _LVF_ISR
0030080a   _LUF_ISR
00300818   _rsvd_ISR
00300822   _getStatusRun
00300826   _rstCntrlPwm
00300847   _cntrlInvOutParam
00300868   _cntrlMotorCntrlPause
0030089b   _controlPwm
0030095d   _getMotorFrequency
003009a6   _getCorrectionVoltag
003009ae   _getMotorVoltag
003009e4   _Accelaration
00300a65   _DecelarationStop
00300abb   _Decelaration
00300b20   _AccelarationPause
00300b5e   _DecelarationPause
00300baa   _presetFreqToVoltag
00300bc1   _getVoltagFromFrequency
00300bd1   _presetSimpleFreqToVoltag
00300c2d   _getSimpleVoltagFromFrequency
00300c45   _scaleVoltagPwm
00300c5d   _getPieceLine
00300c7d   _getLineAproximVoltag
00300cbd   _initUFklPiece
00300cf3   _initLineAproximVoltage
00300ebd   _getCurrentConer
00300ec2   _getSectorConer
00300ec6   _setPwmConer
00300ecb   _presetPwmTime
00300f27   _rstPwmCntrl
00300f31   _enableCntrlPwm
00300f3b   _setStepConer
00300f5f   _testStepDirection
00300f70   _setStepAmpl
00300f79   _rotateVectorVout
00300f93   _getTau
00300fb3   _getTimePWM
00301172   _getPhaseTimePWM
0030119f   _SET_DELAY_MESURE_DL
003011a6   _REM_DELAY_MESURE_DL
003011ab   _GET_TIME_MESURE_DL
003011af   _REG_TINE_MESURE_DL
003011b4   _initMessureHD
003011ba   _cntrlAdcMessure
003011d0   _initMessure
00301262   _getMomentaryCurrentA
00301288   _getMomentaryCurrentB
003012ae   _getMomentaryVoltagDC
003012c9   _getIntegrVoltagDC
003012e4   _presetAdc
00301354   _compareMidleValue
00301362   _cntrlZerroShift
00301434   _getOutToDcCurrent
00301479   _setAdresMbus
00301481   _MirrorAdrMbus
0030148f   _testAdress
0030149d   _getCmdCode
003014a3   _getRegAdr
003014b2   _getRegVal
003014c1   _getRegCnt
003014d2   _CmdGetReadingReg
00301524   _CmdGetInputReg
00301576   _CmdRegSet
0030158b   _CmdCoilCheng
003015aa   _CmdGetCoils
00301623   _CmdGetInputBits
0030169c   _CmdRegsNeedSet
003016d1   _DeCompileMessageSlv
00301747   _getTimePwm
00301750   _testErrorPin
0030176e   _testAllDriverError
00301774   _InitEPwmGpio
003017c8   _cntrlIO_PIN
003017f8   _getPeriodPWM
0030181d   _initPWM
0030196b   _setPwmDuty
0030197e   _setPwmPriod
00301999   _enablePwmInt
0030199e   _disablePwmInt
003019a3   _calkAveregUd
003019c8   _initAverageMsr
00301a09   _cntrlAverageModul
00301a58   _getAveragIm
00301a5d   _getAveragId
00301a62   _getAveragIq
00301a67   _getAveragDl
00301acf   _cntrlAverageMsr
00301b0e   _getAverageVoltagDC
00301b13   _getMaxVoltagDC
00301b78   _getRmsCurrent
00301bda   _SET_DELAY_OSC_DL
00301be1   _REM_DELAY_OSC_DL
00301be6   _GET_TIME_OSC_DL
00301bea   _REG_TINE_OSC_DL
00301bef   _MsgOsc
00301c60   _GetMsgOsc
00301c90   _transmiteOscMsg
00301cbb   _getMessureA
00301ccb   _getMessureB
00301cdb   _getExtTask
00301ceb   _getExtOS
00301cfb   _getExtTaskAv
00301d0b   _getExtOSAv
00301d1b   _getPwmA
00301d2b   _getPwmB
00301d3b   _getPwmC
00301d4b   _getConerU
00301d5a   _getAddedFrequencyOsc
00301d5d   _getValOSC
00301dbb   _InitOSC
00301dea   _getTaskAct
00301def   _getDiscrTask
00301f41   _getMainTask
00301fb4   _initTaskMain
00301fc4   _free
00302007   _minit
0030202d   _malloc
0030208c   _realloc
00302141   _max_free
00302163   _free_memory
00302181   _chkheap
00302183   _calloc
0030219b   _SET_DELAY_LED_BLINK
003021a2   _REM_DELAY_LED_BLINK
003021a7   _GET_TIME_LED_BLINK
003021ab   _REG_TINE_LED_BLINK
003021b0   _initLed
00302215   _cntrlLedMode
0030231b   _setLedMode
00302328   _setPin1
0030232d   _clrPin1
00302332   _setPin2
00302337   _clrPin2
0030233c   _setPin3
00302341   _clrPin3
00302346   _refreshRegisterMbus
00302499   _cpu_pwm_prd_isr
003024d3   _cpu_pwm_err1_isr
00302516   _cpu_pwm_err2_isr
00302559   _cpu_pwm_err3_isr
0030259c   _cpu_pwm_err4_isr
003025e0   _initOvervoltCntrl
00302673   _stabilisationByUdc
00302692   _cntrlOvervoltag
003026e9   _getOvervoltagFrequency
003026ee   _testOvervoltag
003026fb   _testLimitVoltag
0030270f   _testUnderVoltag
00302723   _getIbyT
0030275f   _getSqrIbyT
0030279e   _initIbyTLimit
00302841   _cntrlIbyT
00302852   _testIbyT
00302862   _presetAccelDecel
0030291d   _getAccelTime
00302972   _getDecelTime
00302987   _rstDecelReg
0030298c   _getStepDecelCheng
00302991   _getStepAccelCheng
00302996   _refrOutCurrent
0030299e   _getIdVal
003029ab   _getIqVal
003029b8   _getImVal
003029c5   _getAlfaVal
003029d2   _getStatusVal
003029d6   _getOutCurrent
00302ac1   _GetCoil
00302ad4   _getCoil
00302ae3   _SetCoil
00302af5   _GetInpBit
00302b08   _getInpBit
00302b18   _SetInpBit
00302b2a   _GetInpReg
00302b3d   _getInpReg
00302b4d   _SetInpReg
00302b60   _GetRegister
00302b74   _getRegister
00302b84   _SetRegister
00302b9c   _initHoldingReg
00302be1   _Bin
00302c51   _ASCII
00302c5d   _ConvertString
00302ca9   _ConvertMessag
00302cde   _LRC
00302cf3   _SET_DELAY_CONV_DL
00302cfa   _REM_DELAY_CONV_DL
00302cff   _GET_TIME_CONV_DL
00302d03   _REG_TINE_CONV_DL
00302d08   _SET_DELAY_Mirror_DL
00302d0f   _REM_DELAY_Mirror_DL
00302d14   _GET_TIME_Mirror_DL
00302d18   _REG_TINE_Mirror_DL
00302d1d   _getModeConvertor
00302d21   _testRunState
00302d2e   _protectCntrl
00302d44   _cntrlConvertor
00302de0   _initCntrlConvertor
00302e01   _InitAdcHD
00302e1b   _initADC
00302e8e   _cntrlAdcModul
00302ebf   _cntrlIntegreteADC
00302ee4   _getMomenteryResult
00302eec   _getAveregResult
00302f0a   _initOverloadCntrl
00302f73   _cntrlOverload
00302fac   _getOverloadFrequency
00302fb5   _testOvercurrent
00302fc2   _testLimitCurrent
00303011   _getAddedFrequency
00303016   _getAddedVoltag
0030301b   _initIrCompensation
003030a0   _cntrlIrCompensation
0030310c   _setLimitOs
00303119   _cntrlPIDregulator
0030318d   _initPIDregulator
003031ff   _getPidOs
00303204   _initUartBBufer
00303209   _getCharUartB
00303237   _putRcBufB
00303252   _putRcBufBFromInt
00303267   _getTxBufBForInt
00303291   _getTxBufB
003032bf   _putCharUartB
003032da   _testTxBufB
003032de   _testRcBufB
003032e3   _testRcBufBCnt
003032e7   _initUart485Bufer
003032ec   _getCharUart485
0030331a   _putRcBuf485
00303335   _putRcBuf485FromInt
0030334a   _getTxBuf485ForInt
00303374   _getTxBuf485
003033a2   _putCharUart485
003033bd   _testTxBuf485
003033c1   _testRcBuf485
003033c6   _testRcBuf485Cnt
003033ca   _initUartBufer
003033cf   _getCharUart
003033fd   _putRcBuf
00303418   _putRcBufFromInt
0030342d   _getTxBufForInt
00303457   _getTxBuf
00303485   _putCharUart
003034a0   _testTxBuf
003034a4   _testRcBuf
003034a9   _testRcBufCnt
003034ad   _SET_DELAY_PID_DL
003034b4   _REM_DELAY_PID_DL
003034b9   _GET_TIME_PID_DL
003034bd   _REG_TINE_PID_DL
003034c2   _setFtaskOs
003034cb   _getFtaskOs
003034d0   _initOsPid
00303511   _setAtomPidDelay
0030351b   _cntrlOsPid
00303520   _simplePidOs
0030352c   _noPidOs
00303536   _waterPidOs
00303540   _KaskadPidOs
0030354a   _getNormaOs
0030357a   _setStatusOs
00303581   _clrStatusOs
00303589   _getStatusOs
0030358d   _SET_DELAY_MBUS_DL
00303594   _REM_DELAY_MBUS_DL
00303599   _GET_TIME_MBUS_DL
0030359d   _REG_TINE_MBUS_DL
003035a2   _InitFlow
003035b8   _UartFlowControl
0030365a   _PutI2CTask
00303675   _I2C_Control
0030371e   _InitI2C
00303724   _cntrlPidSimple
003037e4   _initPidCntrlSimple
003037e9   _testASCIImsg
00303827   _cntrlRs485ASCII
003038ad   _InitI2CCore
003038d4   _writeI2Cmsg
003038f5   _restartI2Cwrite
003038fa   _stopI2Cmsg
00303900   _testI2cNACK
0030390a   _startReadFromAdrI2Cmsg
00303925   _startReadI2Cmsg
0030393a   _getReadI2Cmsg
0030394e   _ReadyI2C
0030395f   _Idle_I2C
0030396e   _initCoreUART_A
0030397c   _initUART
00303987   _scia_fifo_init
00303993   _InitScicGpio
003039a9   _initCoreUART_C
003039b7   _InitSciaGpio
003039cd   _initGPOIUart
003039d0   _sci_fifo_init
003039d3   _getUART_RC
003039e3   _testUART_RC
003039e9   _testUART_TX
003039ef   _setUART_TX
003039ff   _initUartInt
00303a19   _enableSciTxInt
00303a1e   _disableSciTxInt
00303a23   _enableSciRcInt
00303a28   _disableSciRcInt
00303a2d   _modeSPD
00303a5b   _modePdirStopPrew
00303a8b   _DiscrStartStopCntrl
00303a9b   _cntrlStartStopDir
00303ae8   _clrConvertorRunData
00303af5   _setFlagPwmSet
00303afa   _getFlagPwmSet
00303afe   _getCurrentFreq
00303b03   _getCurrentVinv
00303b08   _getInvertorFreq
00303b0d   _getInvertorVinv
00303b12   _getCntrlRunConvertor
00303b9f   _InitSysCtrl
00303c1e   _DisableDog
00303c26   _InitPieCtrl
00303c56   _WriteEE
00303c76   _ReadEE
00303c96   _ReadEE_LN
00303cb6   _ReadRegister
00303cc6   _WriteRegister
00303cd6   _WriteAndWait
00303cec   _ReadAndWait
00303d05   _InitEeContr
00303d06   _SET_DELAY_SLOW_DATA_DL
00303d0d   _REM_DELAY_SLOW_DATA_DL
00303d12   _GET_TIME_SLOW_DATA_DL
00303d16   _REG_TINE_SLOW_DATA_DL
00303d1b   _cntrlSlowData
00303d46   _main
00303db2   _initCountTime
00303dc6   _getCountTimer
00303dca   _initSysTime
00303df5   _protectSysTimer
00303dfa   _unprotectSysTimer
00303dff   _addedTimeTic
00303e1e   _removeTimeTic
00303e4c   _initGPOIUart485
00303e62   _sci485_fifo_init
00303e6e   _initCoreUART_485
00303e7d   _initUART_485
00303e8a   _getUART_RC_485
00303e9a   _testUART_RC_485
00303ea0   _testUART_TX_485
00303ea6   _setUART_TX_485
00303eb6   _initUartInt_485
00303ed0   _enableSciTxInt_485
00303ed5   _disableSciTxInt_485
00303eda   _enableSciRcInt_485
00303edf   _disableSciRcInt_485
00303ee4   _initUARTAddRS
00303eef   _scib_fifo_init
00303efb   _InitScibGpio
00303f0f   _initCoreUART_B
00303f1d   _initGPOIUartAddRS
00303f20   _sci_fifo_initAddRS
00303f23   _getUART_RCAddRS
00303f33   _testUART_RCAddRS
00303f39   _testUART_TXAddRS
00303f3f   _setUART_TXAddRS
00303f4f   _initUartIntAddRS
00303f69   _enableSciTxIntAddRS
00303f6e   _disableSciTxIntAddRS
00303f6f   _enableSciRcIntAddRS
00303f74   _disableSciRcIntAddRS
00303f79   _sciTxFifoIsr
00303fc3   _sciRxFifoIsr
0030400b   _scibTxFifoIsr
00304055   _scibRxFifoIsr
00304099   _sciTxFifoIsr_485
003040e3   _sciRxFifoIsr_485
00304127   _initDiscrOut
00304175   _onBufferEn
0030417a   _offBufferEn
0030417f   _onChargeRele
00304184   _offChargeRele
00304189   _onPwrRele
0030418e   _offPwrRele
00304193   _onDistRele
00304198   _offDistRele
0030419d   _onDistOK1
003041a2   _offDistOK1
003041a7   _onDistOK2
003041ac   _offDistOK2
003041b1   FS$$DIV
00304239   _getCntrlChargConvertor
003042bf   _initDcDecelation
003042ff   _DcDecelatration
00304344   _initDiscrInput
003043b2   _testDiscretInp
003043c1   _getTableSin
003043f6   _getSin
00304433   _getCos
0030443d   _testAdress485
0030444b   _initModbusType
00304454   _initMbusMsg
0030446c   _trstMsgMbus
00304480   _cntrlMbusMsg
003044b5   _atan
00304524   _initDiscrPinOut
0030452b   _cntrlOutPin
00304571   _cntrlDiscrPinOut
00304588   _cntrlShellMsg
0030458c   _testShellMsg
003045ad   _testEquStr
003045c8   _testCmdShell
003045eb   _runTxDelay
00304605   _initRS485Timer
00304647   _c_int00
0030468d   _getCntrlStopConvertor
003046d1   _initBreak
003046f4   _rstBreak
003046f9   _cntrlBreak
0030470f   _adc_isr
00304745   _cpu_timer0_isr
00304773   _initStatusConvertor
00304777   _setStatusConvertor
0030477f   _clrStatusConvertor
00304788   _getStatusConvertor
0030478f   _testStatusConvertor
0030479a   _getCntrlOffConvertor
003047be   _sqrt
003047e1   I$$DIV
003047f2   I$$MOD
00304803   ___memcpy_ff
00304824   _getCntrlErrorConvertorState
00304843   _cpu_timer485_isr
00304860   _ResetEEPROM
0030487a   _cntrlModbuAndShellRecive
0030488b   _initModbusAndShell
00304894   __args_main
003048ad   C$$EXIT
003048ad   _abort
003048af   _exit
003048c6   _initFlow485Cntrl
003048cb   _cntrFlow485
003048d2   _chengFlow485cntrl
003048da   _usDelay
003048ea   U$$DIV
003048ef   U$$MOD
003048f5   __register_unlock
003048f9   __register_lock
003048fd   __nop
003048fe   _strlen
00304906   ___etext__
00304906   _secureRamFuncs_loadstart
00304906   etext
00304926   _PieVectTableInit
00304a26   _START_ROM
00304b26   _sinCnst
00304b48   _ascii_cod
00304b72   ___cinit__
00304b72   cinit
0033fff8   _CsmPwl
00380090   _PartIdRegs
ffffffff   ___binit__
ffffffff   ___c_args__
ffffffff   ___pinit__
ffffffff   binit
ffffffff   pinit

[814 symbols]
