<?xml version="1.0"?>
<link_info>
   <banner>TMS320C2000 Linker PC v6.2.7</banner>
   <copyright>Copyright (c) 1996-2014 Texas Instruments Incorporated</copyright>
   <link_time>0x5594ccbe</link_time>
   <link_errors>0x0</link_errors>
   <output_file>InvertorCntrl.out</output_file>
   <entry_point>
      <name>_c_int00</name>
      <address>0x304647</address>
   </entry_point>
   <input_file_list>
      <input_file id="fl-2">
         <path>.\</path>
         <kind>object</kind>
         <file>main.obj</file>
         <name>main.obj</name>
      </input_file>
      <input_file id="fl-3">
         <path>.\interface\</path>
         <kind>object</kind>
         <file>DiscrOutPut.obj</file>
         <name>DiscrOutPut.obj</name>
      </input_file>
      <input_file id="fl-4">
         <path>.\interface\</path>
         <kind>object</kind>
         <file>Oscilograph.obj</file>
         <name>Oscilograph.obj</name>
      </input_file>
      <input_file id="fl-5">
         <path>.\interface\</path>
         <kind>object</kind>
         <file>StartStopCntrl.obj</file>
         <name>StartStopCntrl.obj</name>
      </input_file>
      <input_file id="fl-6">
         <path>.\interface\</path>
         <kind>object</kind>
         <file>cntrlAnalogInp.obj</file>
         <name>cntrlAnalogInp.obj</name>
      </input_file>
      <input_file id="fl-7">
         <path>.\interface\</path>
         <kind>object</kind>
         <file>shell.obj</file>
         <name>shell.obj</name>
      </input_file>
      <input_file id="fl-8">
         <path>.\interface\</path>
         <kind>object</kind>
         <file>taskCntrl.obj</file>
         <name>taskCntrl.obj</name>
      </input_file>
      <input_file id="fl-9">
         <path>.\core\</path>
         <kind>object</kind>
         <file>initSys.obj</file>
         <name>initSys.obj</name>
      </input_file>
      <input_file id="fl-a">
         <path>.\cntrlPWM\</path>
         <kind>object</kind>
         <file>PWM.obj</file>
         <name>PWM.obj</name>
      </input_file>
      <input_file id="fl-b">
         <path>.\cntrlPWM\</path>
         <kind>object</kind>
         <file>cntrlBrek.obj</file>
         <name>cntrlBrek.obj</name>
      </input_file>
      <input_file id="fl-c">
         <path>.\cntrlPWM\</path>
         <kind>object</kind>
         <file>cntrlPwm.obj</file>
         <name>cntrlPwm.obj</name>
      </input_file>
      <input_file id="fl-d">
         <path>.\cntrlI2C\</path>
         <kind>object</kind>
         <file>EEControl.obj</file>
         <name>EEControl.obj</name>
      </input_file>
      <input_file id="fl-e">
         <path>.\cntrlI2C\</path>
         <kind>object</kind>
         <file>I2Ccontrol.obj</file>
         <name>I2Ccontrol.obj</name>
      </input_file>
      <input_file id="fl-f">
         <path>.\cntrlI2C\</path>
         <kind>object</kind>
         <file>I2Ccore.obj</file>
         <name>I2Ccore.obj</name>
      </input_file>
      <input_file id="fl-10">
         <path>.\cntrlI2C\</path>
         <kind>object</kind>
         <file>ResetEprom.obj</file>
         <name>ResetEprom.obj</name>
      </input_file>
      <input_file id="fl-11">
         <path>.\blink\</path>
         <kind>object</kind>
         <file>ledBlink.obj</file>
         <name>ledBlink.obj</name>
      </input_file>
      <input_file id="fl-12">
         <path>.\algebra\</path>
         <kind>object</kind>
         <file>Trgonom.obj</file>
         <name>Trgonom.obj</name>
      </input_file>
      <input_file id="fl-13">
         <path>.\UART\</path>
         <kind>object</kind>
         <file>Flow485Cntrl.obj</file>
         <name>Flow485Cntrl.obj</name>
      </input_file>
      <input_file id="fl-14">
         <path>.\UART\</path>
         <kind>object</kind>
         <file>Rs485hub.obj</file>
         <name>Rs485hub.obj</name>
      </input_file>
      <input_file id="fl-15">
         <path>.\UART\</path>
         <kind>object</kind>
         <file>UartAdded.obj</file>
         <name>UartAdded.obj</name>
      </input_file>
      <input_file id="fl-16">
         <path>.\UART\</path>
         <kind>object</kind>
         <file>UartRs485.obj</file>
         <name>UartRs485.obj</name>
      </input_file>
      <input_file id="fl-17">
         <path>.\UART\</path>
         <kind>object</kind>
         <file>cntrlTransfUartB.obj</file>
         <name>cntrlTransfUartB.obj</name>
      </input_file>
      <input_file id="fl-18">
         <path>.\UART\</path>
         <kind>object</kind>
         <file>cntrlTransferUart_485.obj</file>
         <name>cntrlTransferUart_485.obj</name>
      </input_file>
      <input_file id="fl-19">
         <path>.\UART\</path>
         <kind>object</kind>
         <file>cntrlUART.obj</file>
         <name>cntrlUART.obj</name>
      </input_file>
      <input_file id="fl-1a">
         <path>.\UART\</path>
         <kind>object</kind>
         <file>cntrlUartTransfer.obj</file>
         <name>cntrlUartTransfer.obj</name>
      </input_file>
      <input_file id="fl-1b">
         <path>.\UART\</path>
         <kind>object</kind>
         <file>rs485Timer.obj</file>
         <name>rs485Timer.obj</name>
      </input_file>
      <input_file id="fl-1c">
         <path>.\SysTimer\</path>
         <kind>object</kind>
         <file>SysTime.obj</file>
         <name>SysTime.obj</name>
      </input_file>
      <input_file id="fl-1d">
         <path>.\SpeedDetect\</path>
         <kind>object</kind>
         <file>DetectSpeed.obj</file>
         <name>DetectSpeed.obj</name>
      </input_file>
      <input_file id="fl-1e">
         <path>.\OsCntrl\</path>
         <kind>object</kind>
         <file>OsCntrl.obj</file>
         <name>OsCntrl.obj</name>
      </input_file>
      <input_file id="fl-1f">
         <path>.\OsCntrl\</path>
         <kind>object</kind>
         <file>SimplePidCntrl.obj</file>
         <name>SimplePidCntrl.obj</name>
      </input_file>
      <input_file id="fl-20">
         <path>.\OsCntrl\</path>
         <kind>object</kind>
         <file>cntrlPidSimple.obj</file>
         <name>cntrlPidSimple.obj</name>
      </input_file>
      <input_file id="fl-21">
         <path>.\ModBus\</path>
         <kind>object</kind>
         <file>CommandSlave.obj</file>
         <name>CommandSlave.obj</name>
      </input_file>
      <input_file id="fl-22">
         <path>.\ModBus\</path>
         <kind>object</kind>
         <file>MessageASCII.obj</file>
         <name>MessageASCII.obj</name>
      </input_file>
      <input_file id="fl-23">
         <path>.\ModBus\</path>
         <kind>object</kind>
         <file>Rs485MbusASCII.obj</file>
         <name>Rs485MbusASCII.obj</name>
      </input_file>
      <input_file id="fl-24">
         <path>.\ModBus\</path>
         <kind>object</kind>
         <file>cntrlModBus.obj</file>
         <name>cntrlModBus.obj</name>
      </input_file>
      <input_file id="fl-25">
         <path>.\ModBus\</path>
         <kind>object</kind>
         <file>registers.obj</file>
         <name>registers.obj</name>
      </input_file>
      <input_file id="fl-26">
         <path>.\ModBus\</path>
         <kind>object</kind>
         <file>rs485Mbus.obj</file>
         <name>rs485Mbus.obj</name>
      </input_file>
      <input_file id="fl-27">
         <path>.\ErrorTrack\</path>
         <kind>object</kind>
         <file>errorTrak.obj</file>
         <name>errorTrak.obj</name>
      </input_file>
      <input_file id="fl-28">
         <path>.\DiscretPin\</path>
         <kind>object</kind>
         <file>DiscretInp.obj</file>
         <name>DiscretInp.obj</name>
      </input_file>
      <input_file id="fl-29">
         <path>.\DSP2833x_headers\source\</path>
         <kind>object</kind>
         <file>DSP2833x_GlobalVariableDefs.obj</file>
         <name>DSP2833x_GlobalVariableDefs.obj</name>
      </input_file>
      <input_file id="fl-2a">
         <path>.\DSP2833x_headers\source\</path>
         <kind>object</kind>
         <file>DSP2833x_MemCopy.obj</file>
         <name>DSP2833x_MemCopy.obj</name>
      </input_file>
      <input_file id="fl-2b">
         <path>.\DSP2833x_headers\source\</path>
         <kind>object</kind>
         <file>DSP2833x_usDelay.obj</file>
         <name>DSP2833x_usDelay.obj</name>
      </input_file>
      <input_file id="fl-2c">
         <path>.\DSP2833x_headers\source\</path>
         <kind>object</kind>
         <file>DefaultIsr_nonBIOS.obj</file>
         <name>DefaultIsr_nonBIOS.obj</name>
      </input_file>
      <input_file id="fl-2d">
         <path>.\DSP2833x_headers\source\</path>
         <kind>object</kind>
         <file>PieVect_nonBIOS.obj</file>
         <name>PieVect_nonBIOS.obj</name>
      </input_file>
      <input_file id="fl-2e">
         <path>.\DSP2833x_headers\source\</path>
         <kind>object</kind>
         <file>StartUp.obj</file>
         <name>StartUp.obj</name>
      </input_file>
      <input_file id="fl-2f">
         <path>.\ConvertorCntrl\</path>
         <kind>object</kind>
         <file>AccelDecelTime.obj</file>
         <name>AccelDecelTime.obj</name>
      </input_file>
      <input_file id="fl-30">
         <path>.\ConvertorCntrl\</path>
         <kind>object</kind>
         <file>CargConvertor.obj</file>
         <name>CargConvertor.obj</name>
      </input_file>
      <input_file id="fl-31">
         <path>.\ConvertorCntrl\</path>
         <kind>object</kind>
         <file>CntrlConvertor.obj</file>
         <name>CntrlConvertor.obj</name>
      </input_file>
      <input_file id="fl-32">
         <path>.\ConvertorCntrl\</path>
         <kind>object</kind>
         <file>ConvertorRun.obj</file>
         <name>ConvertorRun.obj</name>
      </input_file>
      <input_file id="fl-33">
         <path>.\ConvertorCntrl\</path>
         <kind>object</kind>
         <file>DC_Decelaration.obj</file>
         <name>DC_Decelaration.obj</name>
      </input_file>
      <input_file id="fl-34">
         <path>.\ConvertorCntrl\</path>
         <kind>object</kind>
         <file>ErrorCntrl.obj</file>
         <name>ErrorCntrl.obj</name>
      </input_file>
      <input_file id="fl-35">
         <path>.\ConvertorCntrl\</path>
         <kind>object</kind>
         <file>IRcompensation.obj</file>
         <name>IRcompensation.obj</name>
      </input_file>
      <input_file id="fl-36">
         <path>.\ConvertorCntrl\</path>
         <kind>object</kind>
         <file>MotorCntrl.obj</file>
         <name>MotorCntrl.obj</name>
      </input_file>
      <input_file id="fl-37">
         <path>.\ConvertorCntrl\</path>
         <kind>object</kind>
         <file>OffConvertor.obj</file>
         <name>OffConvertor.obj</name>
      </input_file>
      <input_file id="fl-38">
         <path>.\ConvertorCntrl\</path>
         <kind>object</kind>
         <file>ReleCntrl.obj</file>
         <name>ReleCntrl.obj</name>
      </input_file>
      <input_file id="fl-39">
         <path>.\ConvertorCntrl\</path>
         <kind>object</kind>
         <file>ScalarFreqToVoltag.obj</file>
         <name>ScalarFreqToVoltag.obj</name>
      </input_file>
      <input_file id="fl-3a">
         <path>.\ConvertorCntrl\</path>
         <kind>object</kind>
         <file>StatusConvertor.obj</file>
         <name>StatusConvertor.obj</name>
      </input_file>
      <input_file id="fl-3b">
         <path>.\ConvertorCntrl\</path>
         <kind>object</kind>
         <file>StopConvertor.obj</file>
         <name>StopConvertor.obj</name>
      </input_file>
      <input_file id="fl-3c">
         <path>.\ConvertorCntrl\</path>
         <kind>object</kind>
         <file>modbusDataRefr.obj</file>
         <name>modbusDataRefr.obj</name>
      </input_file>
      <input_file id="fl-3d">
         <path>.\CntrlLimit\</path>
         <kind>object</kind>
         <file>CntrlVoltagLimit.obj</file>
         <name>CntrlVoltagLimit.obj</name>
      </input_file>
      <input_file id="fl-3e">
         <path>.\CntrlLimit\</path>
         <kind>object</kind>
         <file>cntrlCurrentLimit.obj</file>
         <name>cntrlCurrentLimit.obj</name>
      </input_file>
      <input_file id="fl-3f">
         <path>.\CntrlLimit\</path>
         <kind>object</kind>
         <file>cntrlCurrentLoad.obj</file>
         <name>cntrlCurrentLoad.obj</name>
      </input_file>
      <input_file id="fl-40">
         <path>.\Aqua\</path>
         <kind>object</kind>
         <file>AquaRun.obj</file>
         <name>AquaRun.obj</name>
      </input_file>
      <input_file id="fl-41">
         <path>.\Aqua\</path>
         <kind>object</kind>
         <file>AquaState.obj</file>
         <name>AquaState.obj</name>
      </input_file>
      <input_file id="fl-42">
         <path>.\Aqua\</path>
         <kind>object</kind>
         <file>AquaStatr.obj</file>
         <name>AquaStatr.obj</name>
      </input_file>
      <input_file id="fl-43">
         <path>.\Aqua\</path>
         <kind>object</kind>
         <file>AquaStop.obj</file>
         <name>AquaStop.obj</name>
      </input_file>
      <input_file id="fl-44">
         <path>.\Aqua\</path>
         <kind>object</kind>
         <file>ErrorWater.obj</file>
         <name>ErrorWater.obj</name>
      </input_file>
      <input_file id="fl-45">
         <path>.\AnalogInput\</path>
         <kind>object</kind>
         <file>AnalogInput.obj</file>
         <name>AnalogInput.obj</name>
      </input_file>
      <input_file id="fl-46">
         <path>.\AdcCntrl\</path>
         <kind>object</kind>
         <file>AdcCntrl.obj</file>
         <name>AdcCntrl.obj</name>
      </input_file>
      <input_file id="fl-47">
         <path>.\AdcCntrl\</path>
         <kind>object</kind>
         <file>AveragValue.obj</file>
         <name>AveragValue.obj</name>
      </input_file>
      <input_file id="fl-48">
         <path>.\AdcCntrl\</path>
         <kind>object</kind>
         <file>MessureCntrl.obj</file>
         <name>MessureCntrl.obj</name>
      </input_file>
      <input_file id="fl-49">
         <path>.\AdcCntrl\</path>
         <kind>object</kind>
         <file>OutCurrentCalc.obj</file>
         <name>OutCurrentCalc.obj</name>
      </input_file>
      <input_file id="fl-4d">
         <path>C:\ti\ccsv6\tools\compiler\c2000_6.2.7\lib\</path>
         <kind>archive</kind>
         <file>rts2800_fpu32.lib</file>
         <name>atan.obj</name>
      </input_file>
      <input_file id="fl-4e">
         <path>C:\ti\ccsv6\tools\compiler\c2000_6.2.7\lib\</path>
         <kind>archive</kind>
         <file>rts2800_fpu32.lib</file>
         <name>boot.obj</name>
      </input_file>
      <input_file id="fl-4f">
         <path>C:\ti\ccsv6\tools\compiler\c2000_6.2.7\lib\</path>
         <kind>archive</kind>
         <file>rts2800_fpu32.lib</file>
         <name>exit.obj</name>
      </input_file>
      <input_file id="fl-50">
         <path>C:\ti\ccsv6\tools\compiler\c2000_6.2.7\lib\</path>
         <kind>archive</kind>
         <file>rts2800_fpu32.lib</file>
         <name>fs_div.obj</name>
      </input_file>
      <input_file id="fl-51">
         <path>C:\ti\ccsv6\tools\compiler\c2000_6.2.7\lib\</path>
         <kind>archive</kind>
         <file>rts2800_fpu32.lib</file>
         <name>i_div.obj</name>
      </input_file>
      <input_file id="fl-52">
         <path>C:\ti\ccsv6\tools\compiler\c2000_6.2.7\lib\</path>
         <kind>archive</kind>
         <file>rts2800_fpu32.lib</file>
         <name>memcpy_ff.obj</name>
      </input_file>
      <input_file id="fl-53">
         <path>C:\ti\ccsv6\tools\compiler\c2000_6.2.7\lib\</path>
         <kind>archive</kind>
         <file>rts2800_fpu32.lib</file>
         <name>memory.obj</name>
      </input_file>
      <input_file id="fl-54">
         <path>C:\ti\ccsv6\tools\compiler\c2000_6.2.7\lib\</path>
         <kind>archive</kind>
         <file>rts2800_fpu32.lib</file>
         <name>sqrt.obj</name>
      </input_file>
      <input_file id="fl-55">
         <path>C:\ti\ccsv6\tools\compiler\c2000_6.2.7\lib\</path>
         <kind>archive</kind>
         <file>rts2800_fpu32.lib</file>
         <name>strlen.obj</name>
      </input_file>
      <input_file id="fl-56">
         <path>C:\ti\ccsv6\tools\compiler\c2000_6.2.7\lib\</path>
         <kind>archive</kind>
         <file>rts2800_fpu32.lib</file>
         <name>u_div.obj</name>
      </input_file>
      <input_file id="fl-57">
         <path>C:\ti\ccsv6\tools\compiler\c2000_6.2.7\lib\</path>
         <kind>archive</kind>
         <file>rts2800_fpu32.lib</file>
         <name>_lock.obj</name>
      </input_file>
      <input_file id="fl-58">
         <path>C:\ti\ccsv6\tools\compiler\c2000_6.2.7\lib\</path>
         <kind>archive</kind>
         <file>rts2800_fpu32.lib</file>
         <name>args_main.obj</name>
      </input_file>
      <input_file id="fl-59">
         <path>C:\ti\ccsv6\tools\compiler\c2000_6.2.7\lib\</path>
         <kind>archive</kind>
         <file>rts2800_fpu32.lib</file>
         <name>errno.obj</name>
      </input_file>
   </input_file_list>
   <object_component_list>
      <object_component id="oc-221">
         <name>.text</name>
         <load_address>0x300000</load_address>
         <run_address>0x300000</run_address>
         <size>0x428</size>
         <input_file_ref idref="fl-45"/>
      </object_component>
      <object_component id="oc-146">
         <name>.text:retain</name>
         <load_address>0x300428</load_address>
         <run_address>0x300428</run_address>
         <size>0x3fa</size>
         <input_file_ref idref="fl-2c"/>
      </object_component>
      <object_component id="oc-21d">
         <name>.text</name>
         <load_address>0x300822</load_address>
         <run_address>0x300822</run_address>
         <size>0x388</size>
         <input_file_ref idref="fl-36"/>
      </object_component>
      <object_component id="oc-23e">
         <name>.text</name>
         <load_address>0x300baa</load_address>
         <run_address>0x300baa</run_address>
         <size>0x313</size>
         <input_file_ref idref="fl-39"/>
      </object_component>
      <object_component id="oc-20f">
         <name>.text</name>
         <load_address>0x300ebd</load_address>
         <run_address>0x300ebd</run_address>
         <size>0x2e2</size>
         <input_file_ref idref="fl-c"/>
      </object_component>
      <object_component id="oc-21b">
         <name>.text</name>
         <load_address>0x30119f</load_address>
         <run_address>0x30119f</run_address>
         <size>0x2da</size>
         <input_file_ref idref="fl-48"/>
      </object_component>
      <object_component id="oc-242">
         <name>.text</name>
         <load_address>0x301479</load_address>
         <run_address>0x301479</run_address>
         <size>0x2ce</size>
         <input_file_ref idref="fl-21"/>
      </object_component>
      <object_component id="oc-210">
         <name>.text</name>
         <load_address>0x301747</load_address>
         <run_address>0x301747</run_address>
         <size>0x25c</size>
         <input_file_ref idref="fl-a"/>
      </object_component>
      <object_component id="oc-22d">
         <name>.text</name>
         <load_address>0x3019a3</load_address>
         <run_address>0x3019a3</run_address>
         <size>0x237</size>
         <input_file_ref idref="fl-47"/>
      </object_component>
      <object_component id="oc-231">
         <name>.text</name>
         <load_address>0x301bda</load_address>
         <run_address>0x301bda</run_address>
         <size>0x210</size>
         <input_file_ref idref="fl-4"/>
      </object_component>
      <object_component id="oc-23c">
         <name>.text</name>
         <load_address>0x301dea</load_address>
         <run_address>0x301dea</run_address>
         <size>0x1da</size>
         <input_file_ref idref="fl-8"/>
      </object_component>
      <object_component id="oc-237">
         <name>.text</name>
         <load_address>0x301fc4</load_address>
         <run_address>0x301fc4</run_address>
         <size>0x1d7</size>
         <input_file_ref idref="fl-53"/>
      </object_component>
      <object_component id="oc-229">
         <name>.text</name>
         <load_address>0x30219b</load_address>
         <run_address>0x30219b</run_address>
         <size>0x1ab</size>
         <input_file_ref idref="fl-11"/>
      </object_component>
      <object_component id="oc-244">
         <name>.text</name>
         <load_address>0x302346</load_address>
         <run_address>0x302346</run_address>
         <size>0x153</size>
         <input_file_ref idref="fl-3c"/>
      </object_component>
      <object_component id="oc-72">
         <name>.text:retain</name>
         <load_address>0x302499</load_address>
         <run_address>0x302499</run_address>
         <size>0x147</size>
         <input_file_ref idref="fl-a"/>
      </object_component>
      <object_component id="oc-222">
         <name>.text</name>
         <load_address>0x3025e0</load_address>
         <run_address>0x3025e0</run_address>
         <size>0x143</size>
         <input_file_ref idref="fl-3d"/>
      </object_component>
      <object_component id="oc-239">
         <name>.text</name>
         <load_address>0x302723</load_address>
         <run_address>0x302723</run_address>
         <size>0x13f</size>
         <input_file_ref idref="fl-3f"/>
      </object_component>
      <object_component id="oc-23b">
         <name>.text</name>
         <load_address>0x302862</load_address>
         <run_address>0x302862</run_address>
         <size>0x134</size>
         <input_file_ref idref="fl-2f"/>
      </object_component>
      <object_component id="oc-21a">
         <name>.text</name>
         <load_address>0x302996</load_address>
         <run_address>0x302996</run_address>
         <size>0x12b</size>
         <input_file_ref idref="fl-49"/>
      </object_component>
      <object_component id="oc-217">
         <name>.text</name>
         <load_address>0x302ac1</load_address>
         <run_address>0x302ac1</run_address>
         <size>0x120</size>
         <input_file_ref idref="fl-25"/>
      </object_component>
      <object_component id="oc-250">
         <name>.text</name>
         <load_address>0x302be1</load_address>
         <run_address>0x302be1</run_address>
         <size>0x112</size>
         <input_file_ref idref="fl-22"/>
      </object_component>
      <object_component id="oc-22c">
         <name>.text</name>
         <load_address>0x302cf3</load_address>
         <run_address>0x302cf3</run_address>
         <size>0x10e</size>
         <input_file_ref idref="fl-31"/>
      </object_component>
      <object_component id="oc-214">
         <name>.text</name>
         <load_address>0x302e01</load_address>
         <run_address>0x302e01</run_address>
         <size>0x109</size>
         <input_file_ref idref="fl-46"/>
      </object_component>
      <object_component id="oc-238">
         <name>.text</name>
         <load_address>0x302f0a</load_address>
         <run_address>0x302f0a</run_address>
         <size>0x107</size>
         <input_file_ref idref="fl-3e"/>
      </object_component>
      <object_component id="oc-23a">
         <name>.text</name>
         <load_address>0x303011</load_address>
         <run_address>0x303011</run_address>
         <size>0xfb</size>
         <input_file_ref idref="fl-35"/>
      </object_component>
      <object_component id="oc-251">
         <name>.text</name>
         <load_address>0x30310c</load_address>
         <run_address>0x30310c</run_address>
         <size>0xf8</size>
         <input_file_ref idref="fl-1f"/>
      </object_component>
      <object_component id="oc-212">
         <name>.text</name>
         <load_address>0x303204</load_address>
         <run_address>0x303204</run_address>
         <size>0xe3</size>
         <input_file_ref idref="fl-17"/>
      </object_component>
      <object_component id="oc-23f">
         <name>.text</name>
         <load_address>0x3032e7</load_address>
         <run_address>0x3032e7</run_address>
         <size>0xe3</size>
         <input_file_ref idref="fl-18"/>
      </object_component>
      <object_component id="oc-213">
         <name>.text</name>
         <load_address>0x3033ca</load_address>
         <run_address>0x3033ca</run_address>
         <size>0xe3</size>
         <input_file_ref idref="fl-1a"/>
      </object_component>
      <object_component id="oc-22e">
         <name>.text</name>
         <load_address>0x3034ad</load_address>
         <run_address>0x3034ad</run_address>
         <size>0xe0</size>
         <input_file_ref idref="fl-1e"/>
      </object_component>
      <object_component id="oc-22b">
         <name>.text</name>
         <load_address>0x30358d</load_address>
         <run_address>0x30358d</run_address>
         <size>0xcd</size>
         <input_file_ref idref="fl-24"/>
      </object_component>
      <object_component id="oc-22a">
         <name>.text</name>
         <load_address>0x30365a</load_address>
         <run_address>0x30365a</run_address>
         <size>0xca</size>
         <input_file_ref idref="fl-e"/>
      </object_component>
      <object_component id="oc-24a">
         <name>.text</name>
         <load_address>0x303724</load_address>
         <run_address>0x303724</run_address>
         <size>0xc5</size>
         <input_file_ref idref="fl-20"/>
      </object_component>
      <object_component id="oc-252">
         <name>.text</name>
         <load_address>0x3037e9</load_address>
         <run_address>0x3037e9</run_address>
         <size>0xc4</size>
         <input_file_ref idref="fl-23"/>
      </object_component>
      <object_component id="oc-241">
         <name>.text</name>
         <load_address>0x3038ad</load_address>
         <run_address>0x3038ad</run_address>
         <size>0xc1</size>
         <input_file_ref idref="fl-f"/>
      </object_component>
      <object_component id="oc-21f">
         <name>.text</name>
         <load_address>0x30396e</load_address>
         <run_address>0x30396e</run_address>
         <size>0xbf</size>
         <input_file_ref idref="fl-19"/>
      </object_component>
      <object_component id="oc-243">
         <name>.text</name>
         <load_address>0x303a2d</load_address>
         <run_address>0x303a2d</run_address>
         <size>0xbb</size>
         <input_file_ref idref="fl-5"/>
      </object_component>
      <object_component id="oc-21c">
         <name>.text</name>
         <load_address>0x303ae8</load_address>
         <run_address>0x303ae8</run_address>
         <size>0xb7</size>
         <input_file_ref idref="fl-32"/>
      </object_component>
      <object_component id="oc-223">
         <name>.text</name>
         <load_address>0x303b9f</load_address>
         <run_address>0x303b9f</run_address>
         <size>0xb7</size>
         <input_file_ref idref="fl-9"/>
      </object_component>
      <object_component id="oc-232">
         <name>.text</name>
         <load_address>0x303c56</load_address>
         <run_address>0x303c56</run_address>
         <size>0xb0</size>
         <input_file_ref idref="fl-d"/>
      </object_component>
      <object_component id="oc-216">
         <name>.text</name>
         <load_address>0x303d06</load_address>
         <run_address>0x303d06</run_address>
         <size>0xac</size>
         <input_file_ref idref="fl-2"/>
      </object_component>
      <object_component id="oc-220">
         <name>.text</name>
         <load_address>0x303db2</load_address>
         <run_address>0x303db2</run_address>
         <size>0x9a</size>
         <input_file_ref idref="fl-1c"/>
      </object_component>
      <object_component id="oc-226">
         <name>.text</name>
         <load_address>0x303e4c</load_address>
         <run_address>0x303e4c</run_address>
         <size>0x98</size>
         <input_file_ref idref="fl-16"/>
      </object_component>
      <object_component id="oc-21e">
         <name>.text</name>
         <load_address>0x303ee4</load_address>
         <run_address>0x303ee4</run_address>
         <size>0x95</size>
         <input_file_ref idref="fl-15"/>
      </object_component>
      <object_component id="oc-b9">
         <name>.text:retain</name>
         <load_address>0x303f79</load_address>
         <run_address>0x303f79</run_address>
         <size>0x92</size>
         <input_file_ref idref="fl-19"/>
      </object_component>
      <object_component id="oc-a5">
         <name>.text:retain</name>
         <load_address>0x30400b</load_address>
         <run_address>0x30400b</run_address>
         <size>0x8e</size>
         <input_file_ref idref="fl-15"/>
      </object_component>
      <object_component id="oc-aa">
         <name>.text:retain</name>
         <load_address>0x304099</load_address>
         <run_address>0x304099</run_address>
         <size>0x8e</size>
         <input_file_ref idref="fl-16"/>
      </object_component>
      <object_component id="oc-227">
         <name>.text</name>
         <load_address>0x304127</load_address>
         <run_address>0x304127</run_address>
         <size>0x8a</size>
         <input_file_ref idref="fl-38"/>
      </object_component>
      <object_component id="oc-1e0">
         <name>.text</name>
         <load_address>0x3041b1</load_address>
         <run_address>0x3041b1</run_address>
         <size>0x88</size>
         <input_file_ref idref="fl-50"/>
      </object_component>
      <object_component id="oc-248">
         <name>.text</name>
         <load_address>0x304239</load_address>
         <run_address>0x304239</run_address>
         <size>0x86</size>
         <input_file_ref idref="fl-30"/>
      </object_component>
      <object_component id="oc-23d">
         <name>.text</name>
         <load_address>0x3042bf</load_address>
         <run_address>0x3042bf</run_address>
         <size>0x85</size>
         <input_file_ref idref="fl-33"/>
      </object_component>
      <object_component id="oc-228">
         <name>.text</name>
         <load_address>0x304344</load_address>
         <run_address>0x304344</run_address>
         <size>0x7d</size>
         <input_file_ref idref="fl-28"/>
      </object_component>
      <object_component id="oc-219">
         <name>.text</name>
         <load_address>0x3043c1</load_address>
         <run_address>0x3043c1</run_address>
         <size>0x7c</size>
         <input_file_ref idref="fl-12"/>
      </object_component>
      <object_component id="oc-24b">
         <name>.text</name>
         <load_address>0x30443d</load_address>
         <run_address>0x30443d</run_address>
         <size>0x78</size>
         <input_file_ref idref="fl-26"/>
      </object_component>
      <object_component id="oc-236">
         <name>.text</name>
         <load_address>0x3044b5</load_address>
         <run_address>0x3044b5</run_address>
         <size>0x6f</size>
         <input_file_ref idref="fl-4d"/>
      </object_component>
      <object_component id="oc-245">
         <name>.text</name>
         <load_address>0x304524</load_address>
         <run_address>0x304524</run_address>
         <size>0x64</size>
         <input_file_ref idref="fl-3"/>
      </object_component>
      <object_component id="oc-24c">
         <name>.text</name>
         <load_address>0x304588</load_address>
         <run_address>0x304588</run_address>
         <size>0x63</size>
         <input_file_ref idref="fl-7"/>
      </object_component>
      <object_component id="oc-240">
         <name>.text</name>
         <load_address>0x3045eb</load_address>
         <run_address>0x3045eb</run_address>
         <size>0x5c</size>
         <input_file_ref idref="fl-1b"/>
      </object_component>
      <object_component id="oc-48">
         <name>.text</name>
         <load_address>0x304647</load_address>
         <run_address>0x304647</run_address>
         <size>0x46</size>
         <input_file_ref idref="fl-4e"/>
      </object_component>
      <object_component id="oc-247">
         <name>.text</name>
         <load_address>0x30468d</load_address>
         <run_address>0x30468d</run_address>
         <size>0x44</size>
         <input_file_ref idref="fl-3b"/>
      </object_component>
      <object_component id="oc-218">
         <name>.text</name>
         <load_address>0x3046d1</load_address>
         <run_address>0x3046d1</run_address>
         <size>0x3e</size>
         <input_file_ref idref="fl-b"/>
      </object_component>
      <object_component id="oc-1bc">
         <name>.text:retain</name>
         <load_address>0x30470f</load_address>
         <run_address>0x30470f</run_address>
         <size>0x36</size>
         <input_file_ref idref="fl-46"/>
      </object_component>
      <object_component id="oc-c9">
         <name>.text:retain</name>
         <load_address>0x304745</load_address>
         <run_address>0x304745</run_address>
         <size>0x2e</size>
         <input_file_ref idref="fl-1c"/>
      </object_component>
      <object_component id="oc-211">
         <name>.text</name>
         <load_address>0x304773</load_address>
         <run_address>0x304773</run_address>
         <size>0x27</size>
         <input_file_ref idref="fl-3a"/>
      </object_component>
      <object_component id="oc-246">
         <name>.text</name>
         <load_address>0x30479a</load_address>
         <run_address>0x30479a</run_address>
         <size>0x23</size>
         <input_file_ref idref="fl-37"/>
      </object_component>
      <object_component id="oc-235">
         <name>.text</name>
         <load_address>0x3047be</load_address>
         <run_address>0x3047be</run_address>
         <size>0x23</size>
         <input_file_ref idref="fl-54"/>
      </object_component>
      <object_component id="oc-1e4">
         <name>.text</name>
         <load_address>0x3047e1</load_address>
         <run_address>0x3047e1</run_address>
         <size>0x22</size>
         <input_file_ref idref="fl-51"/>
      </object_component>
      <object_component id="oc-224">
         <name>.text</name>
         <load_address>0x304803</load_address>
         <run_address>0x304803</run_address>
         <size>0x21</size>
         <input_file_ref idref="fl-52"/>
      </object_component>
      <object_component id="oc-249">
         <name>.text</name>
         <load_address>0x304824</load_address>
         <run_address>0x304824</run_address>
         <size>0x1f</size>
         <input_file_ref idref="fl-34"/>
      </object_component>
      <object_component id="oc-c3">
         <name>.text:retain</name>
         <load_address>0x304843</load_address>
         <run_address>0x304843</run_address>
         <size>0x1d</size>
         <input_file_ref idref="fl-1b"/>
      </object_component>
      <object_component id="oc-233">
         <name>.text</name>
         <load_address>0x304860</load_address>
         <run_address>0x304860</run_address>
         <size>0x1a</size>
         <input_file_ref idref="fl-10"/>
      </object_component>
      <object_component id="oc-230">
         <name>.text</name>
         <load_address>0x30487a</load_address>
         <run_address>0x30487a</run_address>
         <size>0x1a</size>
         <input_file_ref idref="fl-14"/>
      </object_component>
      <object_component id="oc-20d">
         <name>.text</name>
         <load_address>0x304894</load_address>
         <run_address>0x304894</run_address>
         <size>0x19</size>
         <input_file_ref idref="fl-58"/>
      </object_component>
      <object_component id="oc-20e">
         <name>.text</name>
         <load_address>0x3048ad</load_address>
         <run_address>0x3048ad</run_address>
         <size>0x19</size>
         <input_file_ref idref="fl-4f"/>
      </object_component>
      <object_component id="oc-22f">
         <name>.text</name>
         <load_address>0x3048c6</load_address>
         <run_address>0x3048c6</run_address>
         <size>0x14</size>
         <input_file_ref idref="fl-13"/>
      </object_component>
      <object_component id="oc-141">
         <name>.text</name>
         <load_address>0x3048da</load_address>
         <run_address>0x3048da</run_address>
         <size>0x10</size>
         <input_file_ref idref="fl-2b"/>
      </object_component>
      <object_component id="oc-1fb">
         <name>.text</name>
         <load_address>0x3048ea</load_address>
         <run_address>0x3048ea</run_address>
         <size>0xb</size>
         <input_file_ref idref="fl-56"/>
      </object_component>
      <object_component id="oc-215">
         <name>.text</name>
         <load_address>0x3048f5</load_address>
         <run_address>0x3048f5</run_address>
         <size>0x9</size>
         <input_file_ref idref="fl-57"/>
      </object_component>
      <object_component id="oc-253">
         <name>.text</name>
         <load_address>0x3048fe</load_address>
         <run_address>0x3048fe</run_address>
         <size>0x8</size>
         <input_file_ref idref="fl-55"/>
      </object_component>
      <object_component id="oc-1c7">
         <name>.cinit</name>
         <load_address>0x304b72</load_address>
         <run_address>0x304b72</run_address>
         <size>0x16</size>
         <input_file_ref idref="fl-48"/>
      </object_component>
      <object_component id="oc-200">
         <name>.cinit</name>
         <load_address>0x304b88</load_address>
         <run_address>0x304b88</run_address>
         <size>0xa</size>
         <input_file_ref idref="fl-57"/>
      </object_component>
      <object_component id="oc-1db">
         <name>.cinit</name>
         <load_address>0x304b92</load_address>
         <run_address>0x304b92</run_address>
         <size>0xa</size>
         <input_file_ref idref="fl-4f"/>
      </object_component>
      <object_component id="oc-85">
         <name>.cinit</name>
         <load_address>0x304b9c</load_address>
         <run_address>0x304b9c</run_address>
         <size>0x9</size>
         <input_file_ref idref="fl-e"/>
      </object_component>
      <object_component id="oc-60">
         <name>.cinit</name>
         <load_address>0x304ba5</load_address>
         <run_address>0x304ba5</run_address>
         <size>0x7</size>
         <input_file_ref idref="fl-7"/>
      </object_component>
      <object_component id="oc-1c1">
         <name>.cinit</name>
         <load_address>0x304bac</load_address>
         <run_address>0x304bac</run_address>
         <size>0x5</size>
         <input_file_ref idref="fl-47"/>
      </object_component>
      <object_component id="oc-67">
         <name>.cinit</name>
         <load_address>0x304bb1</load_address>
         <run_address>0x304bb1</run_address>
         <size>0x5</size>
         <input_file_ref idref="fl-8"/>
      </object_component>
      <object_component id="oc-e2">
         <name>.cinit</name>
         <load_address>0x304bb6</load_address>
         <run_address>0x304bb6</run_address>
         <size>0x4</size>
         <input_file_ref idref="fl-21"/>
      </object_component>
      <object_component id="oc-20a">
         <name>.cinit</name>
         <load_address>0x304bba</load_address>
         <run_address>0x304bba</run_address>
         <size>0x4</size>
         <input_file_ref idref="fl-59"/>
      </object_component>
      <object_component id="oc-1ed">
         <name>.cinit</name>
         <load_address>0x304bbe</load_address>
         <run_address>0x304bbe</run_address>
         <size>0x4</size>
         <input_file_ref idref="fl-53"/>
      </object_component>
      <object_component id="oc-14b">
         <name>.econst</name>
         <load_address>0x304926</load_address>
         <run_address>0x304926</run_address>
         <size>0x100</size>
         <input_file_ref idref="fl-2d"/>
      </object_component>
      <object_component id="oc-24e">
         <name>.econst:_START_ROM</name>
         <load_address>0x304a26</load_address>
         <run_address>0x304a26</run_address>
         <size>0x100</size>
         <input_file_ref idref="fl-10"/>
      </object_component>
      <object_component id="oc-234">
         <name>.econst:_sinCnst</name>
         <load_address>0x304b26</load_address>
         <run_address>0x304b26</run_address>
         <size>0x22</size>
         <input_file_ref idref="fl-12"/>
      </object_component>
      <object_component id="oc-254">
         <name>.econst:.string:_ascii_cod</name>
         <load_address>0x304b48</load_address>
         <run_address>0x304b48</run_address>
         <size>0x11</size>
         <input_file_ref idref="fl-22"/>
      </object_component>
      <object_component id="oc-62">
         <name>.econst:.string</name>
         <load_address>0x304b5a</load_address>
         <run_address>0x304b5a</run_address>
         <size>0x10</size>
         <input_file_ref idref="fl-7"/>
      </object_component>
      <object_component id="oc-24f">
         <name>.econst:_a$1</name>
         <load_address>0x304b6a</load_address>
         <run_address>0x304b6a</run_address>
         <size>0x8</size>
         <input_file_ref idref="fl-4d"/>
      </object_component>
      <object_component id="oc-1d6">
         <name>.reset</name>
         <load_address>0x3fffc0</load_address>
         <run_address>0x3fffc0</run_address>
         <size>0x2</size>
         <input_file_ref idref="fl-4e"/>
      </object_component>
      <object_component id="oc-24d">
         <name>.switch:_getValOSC</name>
         <load_address>0x304bc4</load_address>
         <run_address>0x304bc4</run_address>
         <size>0x32</size>
         <input_file_ref idref="fl-4"/>
      </object_component>
      <object_component id="oc-4a">
         <name>.ebss</name>
         <uninitialized>true</uninitialized>
         <run_address>0xd586</run_address>
         <size>0x6</size>
         <input_file_ref idref="fl-2"/>
      </object_component>
      <object_component id="oc-53">
         <name>.ebss</name>
         <uninitialized>true</uninitialized>
         <run_address>0xd526</run_address>
         <size>0xc</size>
         <input_file_ref idref="fl-4"/>
      </object_component>
      <object_component id="oc-61">
         <name>.ebss</name>
         <uninitialized>true</uninitialized>
         <run_address>0xd598</run_address>
         <size>0x4</size>
         <input_file_ref idref="fl-7"/>
      </object_component>
      <object_component id="oc-68">
         <name>.ebss</name>
         <uninitialized>true</uninitialized>
         <run_address>0xd59c</run_address>
         <size>0x4</size>
         <input_file_ref idref="fl-8"/>
      </object_component>
      <object_component id="oc-71">
         <name>.ebss</name>
         <uninitialized>true</uninitialized>
         <run_address>0xd5a0</run_address>
         <size>0x3</size>
         <input_file_ref idref="fl-a"/>
      </object_component>
      <object_component id="oc-77">
         <name>.ebss</name>
         <uninitialized>true</uninitialized>
         <run_address>0xd5a6</run_address>
         <size>0x2</size>
         <input_file_ref idref="fl-b"/>
      </object_component>
      <object_component id="oc-7c">
         <name>.ebss</name>
         <uninitialized>true</uninitialized>
         <run_address>0xd4f2</run_address>
         <size>0xe</size>
         <input_file_ref idref="fl-c"/>
      </object_component>
      <object_component id="oc-86">
         <name>.ebss</name>
         <uninitialized>true</uninitialized>
         <run_address>0xd47c</run_address>
         <size>0x4</size>
         <input_file_ref idref="fl-e"/>
      </object_component>
      <object_component id="oc-93">
         <name>.ebss</name>
         <uninitialized>true</uninitialized>
         <run_address>0xd568</run_address>
         <size>0xa</size>
         <input_file_ref idref="fl-11"/>
      </object_component>
      <object_component id="oc-9c">
         <name>.ebss</name>
         <uninitialized>true</uninitialized>
         <run_address>0xd53e</run_address>
         <size>0x2</size>
         <input_file_ref idref="fl-13"/>
      </object_component>
      <object_component id="oc-af">
         <name>.ebss</name>
         <uninitialized>true</uninitialized>
         <run_address>0xd140</run_address>
         <size>0xc0</size>
         <input_file_ref idref="fl-17"/>
      </object_component>
      <object_component id="oc-b4">
         <name>.ebss</name>
         <uninitialized>true</uninitialized>
         <run_address>0xd200</run_address>
         <size>0xc0</size>
         <input_file_ref idref="fl-18"/>
      </object_component>
      <object_component id="oc-be">
         <name>.ebss</name>
         <uninitialized>true</uninitialized>
         <run_address>0xd2c0</run_address>
         <size>0xc0</size>
         <input_file_ref idref="fl-1a"/>
      </object_component>
      <object_component id="oc-c8">
         <name>.ebss</name>
         <uninitialized>true</uninitialized>
         <run_address>0xd58c</run_address>
         <size>0x4</size>
         <input_file_ref idref="fl-1c"/>
      </object_component>
      <object_component id="oc-ce">
         <name>.ebss</name>
         <uninitialized>true</uninitialized>
         <run_address>0xd4a2</run_address>
         <size>0x12</size>
         <input_file_ref idref="fl-1d"/>
      </object_component>
      <object_component id="oc-d3">
         <name>.ebss</name>
         <uninitialized>true</uninitialized>
         <run_address>0xd51a</run_address>
         <size>0xc</size>
         <input_file_ref idref="fl-1e"/>
      </object_component>
      <object_component id="oc-d8">
         <name>.ebss</name>
         <uninitialized>true</uninitialized>
         <run_address>0xd4c0</run_address>
         <size>0x12</size>
         <input_file_ref idref="fl-1f"/>
      </object_component>
      <object_component id="oc-dd">
         <name>.ebss</name>
         <uninitialized>true</uninitialized>
         <run_address>0xd5a9</run_address>
         <size>0x1</size>
         <input_file_ref idref="fl-20"/>
      </object_component>
      <object_component id="oc-e3">
         <name>.ebss</name>
         <uninitialized>true</uninitialized>
         <run_address>0xd5a3</run_address>
         <size>0x1</size>
         <input_file_ref idref="fl-21"/>
      </object_component>
      <object_component id="oc-ec">
         <name>.ebss</name>
         <uninitialized>true</uninitialized>
         <run_address>0xd5a4</run_address>
         <size>0x2</size>
         <input_file_ref idref="fl-23"/>
      </object_component>
      <object_component id="oc-f1">
         <name>.ebss</name>
         <uninitialized>true</uninitialized>
         <run_address>0xd000</run_address>
         <size>0x140</size>
         <input_file_ref idref="fl-24"/>
      </object_component>
      <object_component id="oc-f6">
         <name>.ebss</name>
         <uninitialized>true</uninitialized>
         <run_address>0xce80</run_address>
         <size>0x180</size>
         <input_file_ref idref="fl-25"/>
      </object_component>
      <object_component id="oc-fb">
         <name>.ebss</name>
         <uninitialized>true</uninitialized>
         <run_address>0xd380</run_address>
         <size>0xc0</size>
         <input_file_ref idref="fl-26"/>
      </object_component>
      <object_component id="oc-100">
         <name>.ebss</name>
         <uninitialized>true</uninitialized>
         <run_address>0xd500</run_address>
         <size>0xe</size>
         <input_file_ref idref="fl-27"/>
      </object_component>
      <object_component id="oc-152">
         <name>.ebss</name>
         <uninitialized>true</uninitialized>
         <run_address>0xd4d2</run_address>
         <size>0x10</size>
         <input_file_ref idref="fl-2f"/>
      </object_component>
      <object_component id="oc-15b">
         <name>.ebss</name>
         <uninitialized>true</uninitialized>
         <run_address>0xd540</run_address>
         <size>0xa</size>
         <input_file_ref idref="fl-31"/>
      </object_component>
      <object_component id="oc-160">
         <name>.ebss</name>
         <uninitialized>true</uninitialized>
         <run_address>0xd54a</run_address>
         <size>0xa</size>
         <input_file_ref idref="fl-32"/>
      </object_component>
      <object_component id="oc-165">
         <name>.ebss</name>
         <uninitialized>true</uninitialized>
         <run_address>0xd57a</run_address>
         <size>0x6</size>
         <input_file_ref idref="fl-33"/>
      </object_component>
      <object_component id="oc-16e">
         <name>.ebss</name>
         <uninitialized>true</uninitialized>
         <run_address>0xd50e</run_address>
         <size>0xc</size>
         <input_file_ref idref="fl-35"/>
      </object_component>
      <object_component id="oc-173">
         <name>.ebss</name>
         <uninitialized>true</uninitialized>
         <run_address>0xd580</run_address>
         <size>0x6</size>
         <input_file_ref idref="fl-36"/>
      </object_component>
      <object_component id="oc-180">
         <name>.ebss</name>
         <uninitialized>true</uninitialized>
         <run_address>0xd480</run_address>
         <size>0x22</size>
         <input_file_ref idref="fl-39"/>
      </object_component>
      <object_component id="oc-185">
         <name>.ebss</name>
         <uninitialized>true</uninitialized>
         <run_address>0xd5a8</run_address>
         <size>0x1</size>
         <input_file_ref idref="fl-3a"/>
      </object_component>
      <object_component id="oc-192">
         <name>.ebss</name>
         <uninitialized>true</uninitialized>
         <run_address>0xd4e2</run_address>
         <size>0x10</size>
         <input_file_ref idref="fl-3d"/>
      </object_component>
      <object_component id="oc-197">
         <name>.ebss</name>
         <uninitialized>true</uninitialized>
         <run_address>0xd532</run_address>
         <size>0xc</size>
         <input_file_ref idref="fl-3e"/>
      </object_component>
      <object_component id="oc-19c">
         <name>.ebss</name>
         <uninitialized>true</uninitialized>
         <run_address>0xd55e</run_address>
         <size>0xa</size>
         <input_file_ref idref="fl-3f"/>
      </object_component>
      <object_component id="oc-1a5">
         <name>.ebss</name>
         <uninitialized>true</uninitialized>
         <run_address>0xd4b4</run_address>
         <size>0xc</size>
         <input_file_ref idref="fl-41"/>
      </object_component>
      <object_component id="oc-1b6">
         <name>.ebss</name>
         <uninitialized>true</uninitialized>
         <run_address>0xd440</run_address>
         <size>0x28</size>
         <input_file_ref idref="fl-45"/>
      </object_component>
      <object_component id="oc-1bb">
         <name>.ebss</name>
         <uninitialized>true</uninitialized>
         <run_address>0xc000</run_address>
         <size>0x840</size>
         <input_file_ref idref="fl-46"/>
      </object_component>
      <object_component id="oc-1c2">
         <name>.ebss</name>
         <uninitialized>true</uninitialized>
         <run_address>0xc840</run_address>
         <size>0x640</size>
         <input_file_ref idref="fl-47"/>
      </object_component>
      <object_component id="oc-1c8">
         <name>.ebss</name>
         <uninitialized>true</uninitialized>
         <run_address>0xd468</run_address>
         <size>0x14</size>
         <input_file_ref idref="fl-48"/>
      </object_component>
      <object_component id="oc-1cd">
         <name>.ebss</name>
         <uninitialized>true</uninitialized>
         <run_address>0xd554</run_address>
         <size>0xa</size>
         <input_file_ref idref="fl-49"/>
      </object_component>
      <object_component id="oc-1dc">
         <name>.ebss</name>
         <uninitialized>true</uninitialized>
         <run_address>0xd594</run_address>
         <size>0x4</size>
         <input_file_ref idref="fl-4f"/>
      </object_component>
      <object_component id="oc-1ef">
         <name>.ebss</name>
         <uninitialized>true</uninitialized>
         <run_address>0xd572</run_address>
         <size>0x8</size>
         <input_file_ref idref="fl-53"/>
      </object_component>
      <object_component id="oc-201">
         <name>.ebss</name>
         <uninitialized>true</uninitialized>
         <run_address>0xd590</run_address>
         <size>0x4</size>
         <input_file_ref idref="fl-57"/>
      </object_component>
      <object_component id="oc-20b">
         <name>.ebss</name>
         <uninitialized>true</uninitialized>
         <run_address>0xd5aa</run_address>
         <size>0x1</size>
         <input_file_ref idref="fl-59"/>
      </object_component>
      <object_component id="oc-1d5">
         <name>.stack</name>
         <uninitialized>true</uninitialized>
         <run_address>0x400</run_address>
         <size>0x0</size>
         <input_file_ref idref="fl-4e"/>
      </object_component>
      <object_component id="oc-2a4">
         <name>.stack</name>
         <uninitialized>true</uninitialized>
         <run_address>0x400</run_address>
         <size>0x0</size>
      </object_component>
      <object_component id="oc-1ee">
         <name>.sysmem</name>
         <uninitialized>true</uninitialized>
         <run_address>0xa000</run_address>
         <size>0x1</size>
         <input_file_ref idref="fl-53"/>
      </object_component>
      <object_component id="oc-2a5">
         <name>.sysmem</name>
         <uninitialized>true</uninitialized>
         <run_address>0xa000</run_address>
         <size>0x0</size>
      </object_component>
      <object_component id="oc-101">
         <name>trackmem</name>
         <uninitialized>true</uninitialized>
         <run_address>0xe000</run_address>
         <size>0xc00</size>
         <input_file_ref idref="fl-27"/>
      </object_component>
      <object_component id="oc-14d">
         <name>codestart</name>
         <load_address>0x33fff6</load_address>
         <run_address>0x33fff6</run_address>
         <size>0x2</size>
         <input_file_ref idref="fl-2e"/>
      </object_component>
      <object_component id="oc-225">
         <name>secureRamFuncs</name>
         <load_address>0x304906</load_address>
         <run_address>0x8000</run_address>
         <size>0x1f</size>
         <input_file_ref idref="fl-9"/>
      </object_component>
      <object_component id="oc-13b">
         <name>PieVectTableFile</name>
         <uninitialized>true</uninitialized>
         <run_address>0xd00</run_address>
         <size>0x100</size>
         <input_file_ref idref="fl-29"/>
      </object_component>
      <object_component id="oc-137">
         <name>DevEmuRegsFile</name>
         <uninitialized>true</uninitialized>
         <run_address>0x880</run_address>
         <size>0xd0</size>
         <input_file_ref idref="fl-29"/>
      </object_component>
      <object_component id="oc-10d">
         <name>FlashRegsFile</name>
         <uninitialized>true</uninitialized>
         <run_address>0xa80</run_address>
         <size>0x8</size>
         <input_file_ref idref="fl-29"/>
      </object_component>
      <object_component id="oc-115">
         <name>CsmRegsFile</name>
         <uninitialized>true</uninitialized>
         <run_address>0xae0</run_address>
         <size>0x10</size>
         <input_file_ref idref="fl-29"/>
      </object_component>
      <object_component id="oc-116">
         <name>AdcMirrorFile</name>
         <uninitialized>true</uninitialized>
         <run_address>0xb00</run_address>
         <size>0x10</size>
         <input_file_ref idref="fl-29"/>
      </object_component>
      <object_component id="oc-11a">
         <name>XintfRegsFile</name>
         <uninitialized>true</uninitialized>
         <run_address>0xb20</run_address>
         <size>0x1e</size>
         <input_file_ref idref="fl-29"/>
      </object_component>
      <object_component id="oc-10e">
         <name>CpuTimer0RegsFile</name>
         <uninitialized>true</uninitialized>
         <run_address>0xc00</run_address>
         <size>0x8</size>
         <input_file_ref idref="fl-29"/>
      </object_component>
      <object_component id="oc-10f">
         <name>CpuTimer1RegsFile</name>
         <uninitialized>true</uninitialized>
         <run_address>0xc08</run_address>
         <size>0x8</size>
         <input_file_ref idref="fl-29"/>
      </object_component>
      <object_component id="oc-10b">
         <name>CpuTimer2RegsFile</name>
         <uninitialized>true</uninitialized>
         <run_address>0xc10</run_address>
         <size>0x8</size>
         <input_file_ref idref="fl-29"/>
      </object_component>
      <object_component id="oc-118">
         <name>PieCtrlRegsFile</name>
         <uninitialized>true</uninitialized>
         <run_address>0xce0</run_address>
         <size>0x1a</size>
         <input_file_ref idref="fl-29"/>
      </object_component>
      <object_component id="oc-138">
         <name>DmaRegsFile</name>
         <uninitialized>true</uninitialized>
         <run_address>0x1000</run_address>
         <size>0xe0</size>
         <input_file_ref idref="fl-29"/>
      </object_component>
      <object_component id="oc-12b">
         <name>McbspaRegsFile</name>
         <uninitialized>true</uninitialized>
         <run_address>0x5000</run_address>
         <size>0x25</size>
         <input_file_ref idref="fl-29"/>
      </object_component>
      <object_component id="oc-12a">
         <name>McbspbRegsFile</name>
         <uninitialized>true</uninitialized>
         <run_address>0x5040</run_address>
         <size>0x25</size>
         <input_file_ref idref="fl-29"/>
      </object_component>
      <object_component id="oc-12d">
         <name>ECanaRegsFile</name>
         <uninitialized>true</uninitialized>
         <run_address>0x6000</run_address>
         <size>0x34</size>
         <input_file_ref idref="fl-29"/>
      </object_component>
      <object_component id="oc-131">
         <name>ECanaLAMRegsFile</name>
         <uninitialized>true</uninitialized>
         <run_address>0x6040</run_address>
         <size>0x40</size>
         <input_file_ref idref="fl-29"/>
      </object_component>
      <object_component id="oc-13a">
         <name>ECanaMboxesFile</name>
         <uninitialized>true</uninitialized>
         <run_address>0x6100</run_address>
         <size>0x100</size>
         <input_file_ref idref="fl-29"/>
      </object_component>
      <object_component id="oc-132">
         <name>ECanaMOTSRegsFile</name>
         <uninitialized>true</uninitialized>
         <run_address>0x6080</run_address>
         <size>0x40</size>
         <input_file_ref idref="fl-29"/>
      </object_component>
      <object_component id="oc-12f">
         <name>ECanaMOTORegsFile</name>
         <uninitialized>true</uninitialized>
         <run_address>0x60c0</run_address>
         <size>0x40</size>
         <input_file_ref idref="fl-29"/>
      </object_component>
      <object_component id="oc-12e">
         <name>ECanbRegsFile</name>
         <uninitialized>true</uninitialized>
         <run_address>0x6200</run_address>
         <size>0x34</size>
         <input_file_ref idref="fl-29"/>
      </object_component>
      <object_component id="oc-136">
         <name>ECanbLAMRegsFile</name>
         <uninitialized>true</uninitialized>
         <run_address>0x6240</run_address>
         <size>0x40</size>
         <input_file_ref idref="fl-29"/>
      </object_component>
      <object_component id="oc-139">
         <name>ECanbMboxesFile</name>
         <uninitialized>true</uninitialized>
         <run_address>0x6300</run_address>
         <size>0x100</size>
         <input_file_ref idref="fl-29"/>
      </object_component>
      <object_component id="oc-130">
         <name>ECanbMOTSRegsFile</name>
         <uninitialized>true</uninitialized>
         <run_address>0x6280</run_address>
         <size>0x40</size>
         <input_file_ref idref="fl-29"/>
      </object_component>
      <object_component id="oc-133">
         <name>ECanbMOTORegsFile</name>
         <uninitialized>true</uninitialized>
         <run_address>0x62c0</run_address>
         <size>0x40</size>
         <input_file_ref idref="fl-29"/>
      </object_component>
      <object_component id="oc-128">
         <name>EPwm1RegsFile</name>
         <uninitialized>true</uninitialized>
         <run_address>0x6800</run_address>
         <size>0x22</size>
         <input_file_ref idref="fl-29"/>
      </object_component>
      <object_component id="oc-123">
         <name>EPwm2RegsFile</name>
         <uninitialized>true</uninitialized>
         <run_address>0x6840</run_address>
         <size>0x22</size>
         <input_file_ref idref="fl-29"/>
      </object_component>
      <object_component id="oc-124">
         <name>EPwm3RegsFile</name>
         <uninitialized>true</uninitialized>
         <run_address>0x6880</run_address>
         <size>0x22</size>
         <input_file_ref idref="fl-29"/>
      </object_component>
      <object_component id="oc-129">
         <name>EPwm4RegsFile</name>
         <uninitialized>true</uninitialized>
         <run_address>0x68c0</run_address>
         <size>0x22</size>
         <input_file_ref idref="fl-29"/>
      </object_component>
      <object_component id="oc-126">
         <name>EPwm5RegsFile</name>
         <uninitialized>true</uninitialized>
         <run_address>0x6900</run_address>
         <size>0x22</size>
         <input_file_ref idref="fl-29"/>
      </object_component>
      <object_component id="oc-127">
         <name>EPwm6RegsFile</name>
         <uninitialized>true</uninitialized>
         <run_address>0x6940</run_address>
         <size>0x22</size>
         <input_file_ref idref="fl-29"/>
      </object_component>
      <object_component id="oc-11d">
         <name>ECap1RegsFile</name>
         <uninitialized>true</uninitialized>
         <run_address>0x6a00</run_address>
         <size>0x20</size>
         <input_file_ref idref="fl-29"/>
      </object_component>
      <object_component id="oc-11e">
         <name>ECap2RegsFile</name>
         <uninitialized>true</uninitialized>
         <run_address>0x6a20</run_address>
         <size>0x20</size>
         <input_file_ref idref="fl-29"/>
      </object_component>
      <object_component id="oc-11b">
         <name>ECap3RegsFile</name>
         <uninitialized>true</uninitialized>
         <run_address>0x6a40</run_address>
         <size>0x20</size>
         <input_file_ref idref="fl-29"/>
      </object_component>
      <object_component id="oc-11c">
         <name>ECap4RegsFile</name>
         <uninitialized>true</uninitialized>
         <run_address>0x6a60</run_address>
         <size>0x20</size>
         <input_file_ref idref="fl-29"/>
      </object_component>
      <object_component id="oc-121">
         <name>ECap5RegsFile</name>
         <uninitialized>true</uninitialized>
         <run_address>0x6a80</run_address>
         <size>0x20</size>
         <input_file_ref idref="fl-29"/>
      </object_component>
      <object_component id="oc-122">
         <name>ECap6RegsFile</name>
         <uninitialized>true</uninitialized>
         <run_address>0x6aa0</run_address>
         <size>0x20</size>
         <input_file_ref idref="fl-29"/>
      </object_component>
      <object_component id="oc-134">
         <name>EQep1RegsFile</name>
         <uninitialized>true</uninitialized>
         <run_address>0x6b00</run_address>
         <size>0x40</size>
         <input_file_ref idref="fl-29"/>
      </object_component>
      <object_component id="oc-135">
         <name>EQep2RegsFile</name>
         <uninitialized>true</uninitialized>
         <run_address>0x6b40</run_address>
         <size>0x40</size>
         <input_file_ref idref="fl-29"/>
      </object_component>
      <object_component id="oc-12c">
         <name>GpioCtrlRegsFile</name>
         <uninitialized>true</uninitialized>
         <run_address>0x6f80</run_address>
         <size>0x2e</size>
         <input_file_ref idref="fl-29"/>
      </object_component>
      <object_component id="oc-11f">
         <name>GpioDataRegsFile</name>
         <uninitialized>true</uninitialized>
         <run_address>0x6fc0</run_address>
         <size>0x20</size>
         <input_file_ref idref="fl-29"/>
      </object_component>
      <object_component id="oc-110">
         <name>GpioIntRegsFile</name>
         <uninitialized>true</uninitialized>
         <run_address>0x6fe0</run_address>
         <size>0xa</size>
         <input_file_ref idref="fl-29"/>
      </object_component>
      <object_component id="oc-120">
         <name>SysCtrlRegsFile</name>
         <uninitialized>true</uninitialized>
         <run_address>0x7010</run_address>
         <size>0x20</size>
         <input_file_ref idref="fl-29"/>
      </object_component>
      <object_component id="oc-111">
         <name>SpiaRegsFile</name>
         <uninitialized>true</uninitialized>
         <run_address>0x7040</run_address>
         <size>0x10</size>
         <input_file_ref idref="fl-29"/>
      </object_component>
      <object_component id="oc-114">
         <name>SciaRegsFile</name>
         <uninitialized>true</uninitialized>
         <run_address>0x7050</run_address>
         <size>0x10</size>
         <input_file_ref idref="fl-29"/>
      </object_component>
      <object_component id="oc-117">
         <name>XIntruptRegsFile</name>
         <uninitialized>true</uninitialized>
         <run_address>0x7070</run_address>
         <size>0x10</size>
         <input_file_ref idref="fl-29"/>
      </object_component>
      <object_component id="oc-119">
         <name>AdcRegsFile</name>
         <uninitialized>true</uninitialized>
         <run_address>0x7100</run_address>
         <size>0x1e</size>
         <input_file_ref idref="fl-29"/>
      </object_component>
      <object_component id="oc-112">
         <name>ScibRegsFile</name>
         <uninitialized>true</uninitialized>
         <run_address>0x7750</run_address>
         <size>0x10</size>
         <input_file_ref idref="fl-29"/>
      </object_component>
      <object_component id="oc-113">
         <name>ScicRegsFile</name>
         <uninitialized>true</uninitialized>
         <run_address>0x7770</run_address>
         <size>0x10</size>
         <input_file_ref idref="fl-29"/>
      </object_component>
      <object_component id="oc-125">
         <name>I2caRegsFile</name>
         <uninitialized>true</uninitialized>
         <run_address>0x7900</run_address>
         <size>0x22</size>
         <input_file_ref idref="fl-29"/>
      </object_component>
      <object_component id="oc-10c">
         <name>CsmPwlFile</name>
         <uninitialized>true</uninitialized>
         <run_address>0x33fff8</run_address>
         <size>0x8</size>
         <input_file_ref idref="fl-29"/>
      </object_component>
      <object_component id="oc-10a">
         <name>PartIdRegsFile</name>
         <uninitialized>true</uninitialized>
         <run_address>0x380090</run_address>
         <size>0x1</size>
         <input_file_ref idref="fl-29"/>
      </object_component>
      <object_component id="oc-49">
         <name>.debug_info</name>
         <load_address>0x0</load_address>
         <run_address>0x0</run_address>
         <size>0x1148</size>
         <input_file_ref idref="fl-2"/>
      </object_component>
      <object_component id="oc-4e">
         <name>.debug_info</name>
         <load_address>0x1148</load_address>
         <run_address>0x1148</run_address>
         <size>0x7cb</size>
         <input_file_ref idref="fl-3"/>
      </object_component>
      <object_component id="oc-52">
         <name>.debug_info</name>
         <load_address>0x1913</load_address>
         <run_address>0x1913</run_address>
         <size>0x1562</size>
         <input_file_ref idref="fl-4"/>
      </object_component>
      <object_component id="oc-57">
         <name>.debug_info</name>
         <load_address>0x2e75</load_address>
         <run_address>0x2e75</run_address>
         <size>0x9ca</size>
         <input_file_ref idref="fl-5"/>
      </object_component>
      <object_component id="oc-5b">
         <name>.debug_info</name>
         <load_address>0x383f</load_address>
         <run_address>0x383f</run_address>
         <size>0x3d7</size>
         <input_file_ref idref="fl-6"/>
      </object_component>
      <object_component id="oc-5f">
         <name>.debug_info</name>
         <load_address>0x3c16</load_address>
         <run_address>0x3c16</run_address>
         <size>0x710</size>
         <input_file_ref idref="fl-7"/>
      </object_component>
      <object_component id="oc-66">
         <name>.debug_info</name>
         <load_address>0x4326</load_address>
         <run_address>0x4326</run_address>
         <size>0x94b</size>
         <input_file_ref idref="fl-8"/>
      </object_component>
      <object_component id="oc-6c">
         <name>.debug_info</name>
         <load_address>0x4c71</load_address>
         <run_address>0x4c71</run_address>
         <size>0x2da9</size>
         <input_file_ref idref="fl-9"/>
      </object_component>
      <object_component id="oc-70">
         <name>.debug_info</name>
         <load_address>0x7a1a</load_address>
         <run_address>0x7a1a</run_address>
         <size>0x5ab1</size>
         <input_file_ref idref="fl-a"/>
      </object_component>
      <object_component id="oc-76">
         <name>.debug_info</name>
         <load_address>0xd4cb</load_address>
         <run_address>0xd4cb</run_address>
         <size>0x1e9c</size>
         <input_file_ref idref="fl-b"/>
      </object_component>
      <object_component id="oc-7b">
         <name>.debug_info</name>
         <load_address>0xf367</load_address>
         <run_address>0xf367</run_address>
         <size>0xf90</size>
         <input_file_ref idref="fl-c"/>
      </object_component>
      <object_component id="oc-80">
         <name>.debug_info</name>
         <load_address>0x102f7</load_address>
         <run_address>0x102f7</run_address>
         <size>0xac4</size>
         <input_file_ref idref="fl-d"/>
      </object_component>
      <object_component id="oc-84">
         <name>.debug_info</name>
         <load_address>0x10dbb</load_address>
         <run_address>0x10dbb</run_address>
         <size>0x8d0</size>
         <input_file_ref idref="fl-e"/>
      </object_component>
      <object_component id="oc-8a">
         <name>.debug_info</name>
         <load_address>0x1168b</load_address>
         <run_address>0x1168b</run_address>
         <size>0x2980</size>
         <input_file_ref idref="fl-f"/>
      </object_component>
      <object_component id="oc-8e">
         <name>.debug_info</name>
         <load_address>0x1400b</load_address>
         <run_address>0x1400b</run_address>
         <size>0x455</size>
         <input_file_ref idref="fl-10"/>
      </object_component>
      <object_component id="oc-92">
         <name>.debug_info</name>
         <load_address>0x14460</load_address>
         <run_address>0x14460</run_address>
         <size>0x23c0</size>
         <input_file_ref idref="fl-11"/>
      </object_component>
      <object_component id="oc-97">
         <name>.debug_info</name>
         <load_address>0x16820</load_address>
         <run_address>0x16820</run_address>
         <size>0x5cd</size>
         <input_file_ref idref="fl-12"/>
      </object_component>
      <object_component id="oc-9b">
         <name>.debug_info</name>
         <load_address>0x16ded</load_address>
         <run_address>0x16ded</run_address>
         <size>0x4ef</size>
         <input_file_ref idref="fl-13"/>
      </object_component>
      <object_component id="oc-a0">
         <name>.debug_info</name>
         <load_address>0x172dc</load_address>
         <run_address>0x172dc</run_address>
         <size>0x60b</size>
         <input_file_ref idref="fl-14"/>
      </object_component>
      <object_component id="oc-a4">
         <name>.debug_info</name>
         <load_address>0x178e7</load_address>
         <run_address>0x178e7</run_address>
         <size>0x434b</size>
         <input_file_ref idref="fl-15"/>
      </object_component>
      <object_component id="oc-a9">
         <name>.debug_info</name>
         <load_address>0x1bc32</load_address>
         <run_address>0x1bc32</run_address>
         <size>0x42cd</size>
         <input_file_ref idref="fl-16"/>
      </object_component>
      <object_component id="oc-ae">
         <name>.debug_info</name>
         <load_address>0x1feff</load_address>
         <run_address>0x1feff</run_address>
         <size>0xa90</size>
         <input_file_ref idref="fl-17"/>
      </object_component>
      <object_component id="oc-b3">
         <name>.debug_info</name>
         <load_address>0x2098f</load_address>
         <run_address>0x2098f</run_address>
         <size>0xb21</size>
         <input_file_ref idref="fl-18"/>
      </object_component>
      <object_component id="oc-b8">
         <name>.debug_info</name>
         <load_address>0x214b0</load_address>
         <run_address>0x214b0</run_address>
         <size>0x438c</size>
         <input_file_ref idref="fl-19"/>
      </object_component>
      <object_component id="oc-bd">
         <name>.debug_info</name>
         <load_address>0x2583c</load_address>
         <run_address>0x2583c</run_address>
         <size>0xa39</size>
         <input_file_ref idref="fl-1a"/>
      </object_component>
      <object_component id="oc-c2">
         <name>.debug_info</name>
         <load_address>0x26275</load_address>
         <run_address>0x26275</run_address>
         <size>0x3a65</size>
         <input_file_ref idref="fl-1b"/>
      </object_component>
      <object_component id="oc-c7">
         <name>.debug_info</name>
         <load_address>0x29cda</load_address>
         <run_address>0x29cda</run_address>
         <size>0x20f7</size>
         <input_file_ref idref="fl-1c"/>
      </object_component>
      <object_component id="oc-cd">
         <name>.debug_info</name>
         <load_address>0x2bdd1</load_address>
         <run_address>0x2bdd1</run_address>
         <size>0x5a5</size>
         <input_file_ref idref="fl-1d"/>
      </object_component>
      <object_component id="oc-d2">
         <name>.debug_info</name>
         <load_address>0x2c376</load_address>
         <run_address>0x2c376</run_address>
         <size>0xe8e</size>
         <input_file_ref idref="fl-1e"/>
      </object_component>
      <object_component id="oc-d7">
         <name>.debug_info</name>
         <load_address>0x2d204</load_address>
         <run_address>0x2d204</run_address>
         <size>0x866</size>
         <input_file_ref idref="fl-1f"/>
      </object_component>
      <object_component id="oc-dc">
         <name>.debug_info</name>
         <load_address>0x2da6a</load_address>
         <run_address>0x2da6a</run_address>
         <size>0x796</size>
         <input_file_ref idref="fl-20"/>
      </object_component>
      <object_component id="oc-e1">
         <name>.debug_info</name>
         <load_address>0x2e200</load_address>
         <run_address>0x2e200</run_address>
         <size>0x13e2</size>
         <input_file_ref idref="fl-21"/>
      </object_component>
      <object_component id="oc-e7">
         <name>.debug_info</name>
         <load_address>0x2f5e2</load_address>
         <run_address>0x2f5e2</run_address>
         <size>0x768</size>
         <input_file_ref idref="fl-22"/>
      </object_component>
      <object_component id="oc-eb">
         <name>.debug_info</name>
         <load_address>0x2fd4a</load_address>
         <run_address>0x2fd4a</run_address>
         <size>0x8f6</size>
         <input_file_ref idref="fl-23"/>
      </object_component>
      <object_component id="oc-f0">
         <name>.debug_info</name>
         <load_address>0x30640</load_address>
         <run_address>0x30640</run_address>
         <size>0xa0a</size>
         <input_file_ref idref="fl-24"/>
      </object_component>
      <object_component id="oc-f5">
         <name>.debug_info</name>
         <load_address>0x3104a</load_address>
         <run_address>0x3104a</run_address>
         <size>0xc35</size>
         <input_file_ref idref="fl-25"/>
      </object_component>
      <object_component id="oc-fa">
         <name>.debug_info</name>
         <load_address>0x31c7f</load_address>
         <run_address>0x31c7f</run_address>
         <size>0x87b</size>
         <input_file_ref idref="fl-26"/>
      </object_component>
      <object_component id="oc-ff">
         <name>.debug_info</name>
         <load_address>0x324fa</load_address>
         <run_address>0x324fa</run_address>
         <size>0x723</size>
         <input_file_ref idref="fl-27"/>
      </object_component>
      <object_component id="oc-105">
         <name>.debug_info</name>
         <load_address>0x32c1d</load_address>
         <run_address>0x32c1d</run_address>
         <size>0x1dec</size>
         <input_file_ref idref="fl-28"/>
      </object_component>
      <object_component id="oc-109">
         <name>.debug_info</name>
         <load_address>0x34a09</load_address>
         <run_address>0x34a09</run_address>
         <size>0x12f0b</size>
         <input_file_ref idref="fl-29"/>
      </object_component>
      <object_component id="oc-13d">
         <name>.debug_info</name>
         <load_address>0x47914</load_address>
         <run_address>0x47914</run_address>
         <size>0x38d</size>
         <input_file_ref idref="fl-2a"/>
      </object_component>
      <object_component id="oc-142">
         <name>.debug_info</name>
         <load_address>0x47ca1</load_address>
         <run_address>0x47ca1</run_address>
         <size>0x11d</size>
         <input_file_ref idref="fl-2b"/>
      </object_component>
      <object_component id="oc-145">
         <name>.debug_info</name>
         <load_address>0x47dbe</load_address>
         <run_address>0x47dbe</run_address>
         <size>0x34cb</size>
         <input_file_ref idref="fl-2c"/>
      </object_component>
      <object_component id="oc-14a">
         <name>.debug_info</name>
         <load_address>0x4b289</load_address>
         <run_address>0x4b289</run_address>
         <size>0x1ab7</size>
         <input_file_ref idref="fl-2d"/>
      </object_component>
      <object_component id="oc-14e">
         <name>.debug_info</name>
         <load_address>0x4cd40</load_address>
         <run_address>0x4cd40</run_address>
         <size>0x102</size>
         <input_file_ref idref="fl-2e"/>
      </object_component>
      <object_component id="oc-151">
         <name>.debug_info</name>
         <load_address>0x4ce42</load_address>
         <run_address>0x4ce42</run_address>
         <size>0xa4b</size>
         <input_file_ref idref="fl-2f"/>
      </object_component>
      <object_component id="oc-156">
         <name>.debug_info</name>
         <load_address>0x4d88d</load_address>
         <run_address>0x4d88d</run_address>
         <size>0x9f8</size>
         <input_file_ref idref="fl-30"/>
      </object_component>
      <object_component id="oc-15a">
         <name>.debug_info</name>
         <load_address>0x4e285</load_address>
         <run_address>0x4e285</run_address>
         <size>0x1353</size>
         <input_file_ref idref="fl-31"/>
      </object_component>
      <object_component id="oc-15f">
         <name>.debug_info</name>
         <load_address>0x4f5d8</load_address>
         <run_address>0x4f5d8</run_address>
         <size>0xb46</size>
         <input_file_ref idref="fl-32"/>
      </object_component>
      <object_component id="oc-164">
         <name>.debug_info</name>
         <load_address>0x5011e</load_address>
         <run_address>0x5011e</run_address>
         <size>0x74c</size>
         <input_file_ref idref="fl-33"/>
      </object_component>
      <object_component id="oc-169">
         <name>.debug_info</name>
         <load_address>0x5086a</load_address>
         <run_address>0x5086a</run_address>
         <size>0x4f6</size>
[...]
      </symbol>
      <symbol id="sm-9a4">
         <name>_AccelSlowAqua</name>
         <value>0xd4b4</value>
         <object_component_ref idref="oc-1a5"/>
      </symbol>
      <symbol id="sm-9a5">
         <name>_subStateWater</name>
         <value>0xd4b6</value>
         <object_component_ref idref="oc-1a5"/>
      </symbol>
      <symbol id="sm-9a6">
         <name>_AquaFmax</name>
         <value>0xd4be</value>
         <object_component_ref idref="oc-1a5"/>
      </symbol>
      <symbol id="sm-9a7">
         <name>_AquaFmin</name>
         <value>0xd4b8</value>
         <object_component_ref idref="oc-1a5"/>
      </symbol>
      <symbol id="sm-9a8">
         <name>_stateWater</name>
         <value>0xd4b5</value>
         <object_component_ref idref="oc-1a5"/>
      </symbol>
      <symbol id="sm-9a9">
         <name>_Pmin</name>
         <value>0xd4ba</value>
         <object_component_ref idref="oc-1a5"/>
      </symbol>
      <symbol id="sm-9e7">
         <name>_cntrlAnalogTask</name>
         <value>0x300074</value>
         <object_component_ref idref="oc-221"/>
      </symbol>
      <symbol id="sm-9e8">
         <name>_paramTask</name>
         <value>0xd442</value>
         <object_component_ref idref="oc-1b6"/>
      </symbol>
      <symbol id="sm-9e9">
         <name>_getAnalogOs</name>
         <value>0x3000a8</value>
         <object_component_ref idref="oc-221"/>
      </symbol>
      <symbol id="sm-9ea">
         <name>_getSignalTask</name>
         <value>0x30008e</value>
         <object_component_ref idref="oc-221"/>
      </symbol>
      <symbol id="sm-9eb">
         <name>_inputOs</name>
         <value>0xd448</value>
         <object_component_ref idref="oc-1b6"/>
      </symbol>
      <symbol id="sm-9ec">
         <name>_limitOS</name>
         <value>0xd44c</value>
         <object_component_ref idref="oc-1b6"/>
      </symbol>
      <symbol id="sm-9ed">
         <name>_getAnalogTask</name>
         <value>0x300089</value>
         <object_component_ref idref="oc-221"/>
      </symbol>
      <symbol id="sm-9ee">
         <name>_inputTask</name>
         <value>0xd444</value>
         <object_component_ref idref="oc-1b6"/>
      </symbol>
      <symbol id="sm-9ef">
         <name>_cntrlAnalogOS</name>
         <value>0x300093</value>
         <object_component_ref idref="oc-221"/>
      </symbol>
      <symbol id="sm-9f0">
         <name>_signalTask</name>
         <value>0xd44a</value>
         <object_component_ref idref="oc-1b6"/>
      </symbol>
      <symbol id="sm-9f1">
         <name>_initAnalogTaskSignal</name>
         <value>0x3000b2</value>
         <object_component_ref idref="oc-221"/>
      </symbol>
      <symbol id="sm-9f2">
         <name>_signalOs</name>
         <value>0xd446</value>
         <object_component_ref idref="oc-1b6"/>
      </symbol>
      <symbol id="sm-9f3">
         <name>_limitTask</name>
         <value>0xd45a</value>
         <object_component_ref idref="oc-1b6"/>
      </symbol>
      <symbol id="sm-9f4">
         <name>_getSignalOs</name>
         <value>0x3000ad</value>
         <object_component_ref idref="oc-221"/>
      </symbol>
      <symbol id="sm-9f5">
         <name>_paramOs</name>
         <value>0xd440</value>
         <object_component_ref idref="oc-1b6"/>
      </symbol>
      <symbol id="sm-9f6">
         <name>_initAllAnalogInput</name>
         <value>0x3003d0</value>
         <object_component_ref idref="oc-221"/>
      </symbol>
      <symbol id="sm-9f7">
         <name>_getAnalogParam</name>
         <value>0x300030</value>
         <object_component_ref idref="oc-221"/>
      </symbol>
      <symbol id="sm-9f8">
         <name>_mirrorAnalogInp</name>
         <value>0x3003d5</value>
         <object_component_ref idref="oc-221"/>
      </symbol>
      <symbol id="sm-9f9">
         <name>_initAnalogOsSignal</name>
         <value>0x300254</value>
         <object_component_ref idref="oc-221"/>
      </symbol>
      <symbol id="sm-9fa">
         <name>_getAnalogSignal</name>
         <value>0x300000</value>
         <object_component_ref idref="oc-221"/>
      </symbol>
      <symbol id="sm-a13">
         <name>_adc_isr</name>
         <value>0x30470f</value>
         <object_component_ref idref="oc-1bc"/>
      </symbol>
      <symbol id="sm-a14">
         <name>_AdcIntegr</name>
         <value>0xc001</value>
         <object_component_ref idref="oc-1bb"/>
      </symbol>
      <symbol id="sm-a15">
         <name>_getAveregResult</name>
         <value>0x302eec</value>
         <object_component_ref idref="oc-214"/>
      </symbol>
      <symbol id="sm-a16">
         <name>_InitAdcHD</name>
         <value>0x302e01</value>
         <object_component_ref idref="oc-214"/>
      </symbol>
      <symbol id="sm-a17">
         <name>_cntrlAdcModul</name>
         <value>0x302e8e</value>
         <object_component_ref idref="oc-214"/>
      </symbol>
      <symbol id="sm-a18">
         <name>_initADC</name>
         <value>0x302e1b</value>
         <object_component_ref idref="oc-214"/>
      </symbol>
      <symbol id="sm-a19">
         <name>_AdcRes</name>
         <value>0xc009</value>
         <object_component_ref idref="oc-1bb"/>
      </symbol>
      <symbol id="sm-a1a">
         <name>_cntIntgrADC</name>
         <value>0xc000</value>
         <object_component_ref idref="oc-1bb"/>
      </symbol>
      <symbol id="sm-a1b">
         <name>_adcIntegrSumm</name>
         <value>0xc040</value>
         <object_component_ref idref="oc-1bb"/>
      </symbol>
      <symbol id="sm-a1c">
         <name>_cntrlIntegreteADC</name>
         <value>0x302ebf</value>
         <object_component_ref idref="oc-214"/>
      </symbol>
      <symbol id="sm-a1d">
         <name>_getMomenteryResult</name>
         <value>0x302ee4</value>
         <object_component_ref idref="oc-214"/>
      </symbol>
      <symbol id="sm-a46">
         <name>_numberAverag</name>
         <value>0xc840</value>
         <object_component_ref idref="oc-1c2"/>
      </symbol>
      <symbol id="sm-a47">
         <name>_getMaxVoltagDC</name>
         <value>0x301b13</value>
         <object_component_ref idref="oc-22d"/>
      </symbol>
      <symbol id="sm-a48">
         <name>_pntrAveragU</name>
         <value>0xc842</value>
         <object_component_ref idref="oc-1c2"/>
      </symbol>
      <symbol id="sm-a49">
         <name>_pntrAveragI</name>
         <value>0xc843</value>
         <object_component_ref idref="oc-1c2"/>
      </symbol>
      <symbol id="sm-a4a">
         <name>_summId</name>
         <value>0xc850</value>
         <object_component_ref idref="oc-1c2"/>
      </symbol>
      <symbol id="sm-a4b">
         <name>_summIm</name>
         <value>0xc846</value>
         <object_component_ref idref="oc-1c2"/>
      </symbol>
      <symbol id="sm-a4c">
         <name>_summIq</name>
         <value>0xc84a</value>
         <object_component_ref idref="oc-1c2"/>
      </symbol>
      <symbol id="sm-a4d">
         <name>_averagUd</name>
         <value>0xc848</value>
         <object_component_ref idref="oc-1c2"/>
      </symbol>
      <symbol id="sm-a4e">
         <name>_cntrlAverageModul</name>
         <value>0x301a09</value>
         <object_component_ref idref="oc-22d"/>
      </symbol>
      <symbol id="sm-a4f">
         <name>_pntrModul</name>
         <value>0xc841</value>
         <object_component_ref idref="oc-1c2"/>
      </symbol>
      <symbol id="sm-a50">
         <name>_calkAveregUd</name>
         <value>0x3019a3</value>
         <object_component_ref idref="oc-22d"/>
      </symbol>
      <symbol id="sm-a51">
         <name>_getRmsCurrent</name>
         <value>0x301b78</value>
         <object_component_ref idref="oc-22d"/>
      </symbol>
      <symbol id="sm-a52">
         <name>_cntrlAverageMsr</name>
         <value>0x301acf</value>
         <object_component_ref idref="oc-22d"/>
      </symbol>
      <symbol id="sm-a53">
         <name>_getAveragId</name>
         <value>0x301a5d</value>
         <object_component_ref idref="oc-22d"/>
      </symbol>
      <symbol id="sm-a54">
         <name>_getAveragIm</name>
         <value>0x301a58</value>
         <object_component_ref idref="oc-22d"/>
      </symbol>
      <symbol id="sm-a55">
         <name>_getAveragIq</name>
         <value>0x301a62</value>
         <object_component_ref idref="oc-22d"/>
      </symbol>
      <symbol id="sm-a56">
         <name>_dlAverag</name>
         <value>0xc845</value>
         <object_component_ref idref="oc-1c2"/>
      </symbol>
      <symbol id="sm-a57">
         <name>_averagIq</name>
         <value>0xc84e</value>
         <object_component_ref idref="oc-1c2"/>
      </symbol>
      <symbol id="sm-a58">
         <name>_averagId</name>
         <value>0xc84c</value>
         <object_component_ref idref="oc-1c2"/>
      </symbol>
      <symbol id="sm-a59">
         <name>_averagIm</name>
         <value>0xc852</value>
         <object_component_ref idref="oc-1c2"/>
      </symbol>
      <symbol id="sm-a5a">
         <name>_initAverageMsr</name>
         <value>0x3019c8</value>
         <object_component_ref idref="oc-22d"/>
      </symbol>
      <symbol id="sm-a5b">
         <name>_getAveragDl</name>
         <value>0x301a67</value>
         <object_component_ref idref="oc-22d"/>
      </symbol>
      <symbol id="sm-a5c">
         <name>_arrayUdc</name>
         <value>0xca80</value>
         <object_component_ref idref="oc-1c2"/>
      </symbol>
      <symbol id="sm-a5d">
         <name>_getAverageVoltagDC</name>
         <value>0x301b0e</value>
         <object_component_ref idref="oc-22d"/>
      </symbol>
      <symbol id="sm-a5e">
         <name>_dlAveragUdc</name>
         <value>0xc844</value>
         <object_component_ref idref="oc-1c2"/>
      </symbol>
      <symbol id="sm-a5f">
         <name>_arrayIa</name>
         <value>0xcc80</value>
         <object_component_ref idref="oc-1c2"/>
      </symbol>
      <symbol id="sm-a60">
         <name>_arrayIb</name>
         <value>0xc880</value>
         <object_component_ref idref="oc-1c2"/>
      </symbol>
      <symbol id="sm-a8c">
         <name>_compareMidleValue</name>
         <value>0x301354</value>
         <object_component_ref idref="oc-21b"/>
      </symbol>
      <symbol id="sm-a8d">
         <name>_REM_DELAY_MESURE_DL</name>
         <value>0x3011a6</value>
         <object_component_ref idref="oc-21b"/>
      </symbol>
      <symbol id="sm-a8e">
         <name>_mshtVoltag</name>
         <value>0xd46e</value>
         <object_component_ref idref="oc-1c8"/>
      </symbol>
      <symbol id="sm-a8f">
         <name>_REG_TINE_MESURE_DL</name>
         <value>0x3011af</value>
         <object_component_ref idref="oc-21b"/>
      </symbol>
      <symbol id="sm-a90">
         <name>_SET_DELAY_MESURE_DL</name>
         <value>0x30119f</value>
         <object_component_ref idref="oc-21b"/>
      </symbol>
      <symbol id="sm-a91">
         <name>_getOutToDcCurrent</name>
         <value>0x301434</value>
         <object_component_ref idref="oc-21b"/>
      </symbol>
      <symbol id="sm-a92">
         <name>_zerroShiftPhaseB</name>
         <value>0xd469</value>
         <object_component_ref idref="oc-1c8"/>
      </symbol>
      <symbol id="sm-a93">
         <name>_zerroShiftPhaseA</name>
         <value>0xd468</value>
         <object_component_ref idref="oc-1c8"/>
      </symbol>
      <symbol id="sm-a94">
         <name>_UCH_DELAY_MESURE_DL</name>
         <value>0xd478</value>
         <object_component_ref idref="oc-1c8"/>
      </symbol>
      <symbol id="sm-a95">
         <name>_getMomentaryCurrentB</name>
         <value>0x301288</value>
         <object_component_ref idref="oc-21b"/>
      </symbol>
      <symbol id="sm-a96">
         <name>_getMomentaryCurrentA</name>
         <value>0x301262</value>
         <object_component_ref idref="oc-21b"/>
      </symbol>
      <symbol id="sm-a97">
         <name>_mshtCurrent</name>
         <value>0xd476</value>
         <object_component_ref idref="oc-1c8"/>
      </symbol>
      <symbol id="sm-a98">
         <name>_GET_TIME_MESURE_DL</name>
         <value>0x3011ab</value>
         <object_component_ref idref="oc-21b"/>
      </symbol>
      <symbol id="sm-a99">
         <name>_cntrlZerroShift</name>
         <value>0x301362</value>
         <object_component_ref idref="oc-21b"/>
      </symbol>
      <symbol id="sm-a9a">
         <name>_cntrlAdcMessure</name>
         <value>0x3011ba</value>
         <object_component_ref idref="oc-21b"/>
      </symbol>
      <symbol id="sm-a9b">
         <name>_getMomentaryVoltagDC</name>
         <value>0x3012ae</value>
         <object_component_ref idref="oc-21b"/>
      </symbol>
      <symbol id="sm-a9c">
         <name>_getIntegrVoltagDC</name>
         <value>0x3012c9</value>
         <object_component_ref idref="oc-21b"/>
      </symbol>
      <symbol id="sm-a9d">
         <name>_initMessure</name>
         <value>0x3011d0</value>
         <object_component_ref idref="oc-21b"/>
      </symbol>
      <symbol id="sm-a9e">
         <name>_initMessureHD</name>
         <value>0x3011b4</value>
         <object_component_ref idref="oc-21b"/>
      </symbol>
      <symbol id="sm-a9f">
         <name>_presetAdc</name>
         <value>0x3012e4</value>
         <object_component_ref idref="oc-21b"/>
      </symbol>
      <symbol id="sm-ab3">
         <name>_getOutCurrent</name>
         <value>0x3029d6</value>
         <object_component_ref idref="oc-21a"/>
      </symbol>
      <symbol id="sm-ab4">
         <name>_statusOutCurrent</name>
         <value>0xd554</value>
         <object_component_ref idref="oc-1cd"/>
      </symbol>
      <symbol id="sm-ab5">
         <name>_getAlfaVal</name>
         <value>0x3029c5</value>
         <object_component_ref idref="oc-21a"/>
      </symbol>
      <symbol id="sm-ab6">
         <name>_refrOutCurrent</name>
         <value>0x302996</value>
         <object_component_ref idref="oc-21a"/>
      </symbol>
      <symbol id="sm-ab7">
         <name>_getIqVal</name>
         <value>0x3029ab</value>
         <object_component_ref idref="oc-21a"/>
      </symbol>
      <symbol id="sm-ab8">
         <name>_getIdVal</name>
         <value>0x30299e</value>
         <object_component_ref idref="oc-21a"/>
      </symbol>
      <symbol id="sm-ab9">
         <name>_OutCurrentVal</name>
         <value>0xd556</value>
         <object_component_ref idref="oc-1cd"/>
      </symbol>
      <symbol id="sm-aba">
         <name>_getImVal</name>
         <value>0x3029b8</value>
         <object_component_ref idref="oc-21a"/>
      </symbol>
      <symbol id="sm-abb">
         <name>_getStatusVal</name>
         <value>0x3029d2</value>
         <object_component_ref idref="oc-21a"/>
      </symbol>
      <symbol id="sm-acc">
         <name>_atan</name>
         <value>0x3044b5</value>
         <object_component_ref idref="oc-236"/>
      </symbol>
      <symbol id="sm-ae0">
         <name>_c_int00</name>
         <value>0x304647</value>
         <object_component_ref idref="oc-48"/>
      </symbol>
      <symbol id="sm-ae1">
         <name>__stack</name>
         <value>0x400</value>
         <object_component_ref idref="oc-1d5"/>
      </symbol>
      <symbol id="sm-af2">
         <name>C$$EXIT</name>
         <value>0x3048ad</value>
         <object_component_ref idref="oc-20e"/>
      </symbol>
      <symbol id="sm-af3">
         <name>_exit</name>
         <value>0x3048af</value>
         <object_component_ref idref="oc-20e"/>
      </symbol>
      <symbol id="sm-af4">
         <name>___TI_cleanup_ptr</name>
         <value>0xd594</value>
         <object_component_ref idref="oc-1dc"/>
      </symbol>
      <symbol id="sm-af5">
         <name>_abort</name>
         <value>0x3048ad</value>
         <object_component_ref idref="oc-20e"/>
      </symbol>
      <symbol id="sm-af6">
         <name>___TI_dtors_ptr</name>
         <value>0xd596</value>
         <object_component_ref idref="oc-1dc"/>
      </symbol>
      <symbol id="sm-b03">
         <name>FS$$DIV</name>
         <value>0x3041b1</value>
         <object_component_ref idref="oc-1e0"/>
      </symbol>
      <symbol id="sm-b0d">
         <name>I$$MOD</name>
         <value>0x3047f2</value>
         <object_component_ref idref="oc-1e4"/>
      </symbol>
      <symbol id="sm-b0e">
         <name>I$$DIV</name>
         <value>0x3047e1</value>
         <object_component_ref idref="oc-1e4"/>
      </symbol>
      <symbol id="sm-b1d">
         <name>___memcpy_ff</name>
         <value>0x304803</value>
         <object_component_ref idref="oc-224"/>
      </symbol>
      <symbol id="sm-b62">
         <name>__sys_memory</name>
         <value>0xa000</value>
         <object_component_ref idref="oc-1ee"/>
      </symbol>
      <symbol id="sm-b63">
         <name>_chkheap</name>
         <value>0x302181</value>
         <object_component_ref idref="oc-237"/>
      </symbol>
      <symbol id="sm-b64">
         <name>_realloc</name>
         <value>0x30208c</value>
         <object_component_ref idref="oc-237"/>
      </symbol>
      <symbol id="sm-b65">
         <name>_free_memory</name>
         <value>0x302163</value>
         <object_component_ref idref="oc-237"/>
      </symbol>
      <symbol id="sm-b66">
         <name>_max_free</name>
         <value>0x302141</value>
         <object_component_ref idref="oc-237"/>
      </symbol>
      <symbol id="sm-b67">
         <name>_free</name>
         <value>0x301fc4</value>
         <object_component_ref idref="oc-237"/>
      </symbol>
      <symbol id="sm-b68">
         <name>_calloc</name>
         <value>0x302183</value>
         <object_component_ref idref="oc-237"/>
      </symbol>
      <symbol id="sm-b69">
         <name>_malloc</name>
         <value>0x30202d</value>
         <object_component_ref idref="oc-237"/>
      </symbol>
      <symbol id="sm-b6a">
         <name>_minit</name>
         <value>0x302007</value>
         <object_component_ref idref="oc-237"/>
      </symbol>
      <symbol id="sm-b78">
         <name>_sqrt</name>
         <value>0x3047be</value>
         <object_component_ref idref="oc-235"/>
      </symbol>
      <symbol id="sm-b83">
         <name>_strlen</name>
         <value>0x3048fe</value>
         <object_component_ref idref="oc-253"/>
      </symbol>
      <symbol id="sm-b8b">
         <name>U$$MOD</name>
         <value>0x3048ef</value>
         <object_component_ref idref="oc-1fb"/>
      </symbol>
      <symbol id="sm-b8c">
         <name>U$$DIV</name>
         <value>0x3048ea</value>
         <object_component_ref idref="oc-1fb"/>
      </symbol>
      <symbol id="sm-b9a">
         <name>__unlock</name>
         <value>0xd590</value>
         <object_component_ref idref="oc-201"/>
      </symbol>
      <symbol id="sm-b9b">
         <name>__lock</name>
         <value>0xd592</value>
         <object_component_ref idref="oc-201"/>
      </symbol>
      <symbol id="sm-b9c">
         <name>__register_lock</name>
         <value>0x3048f9</value>
         <object_component_ref idref="oc-215"/>
      </symbol>
      <symbol id="sm-b9d">
         <name>__nop</name>
         <value>0x3048fd</value>
         <object_component_ref idref="oc-215"/>
      </symbol>
      <symbol id="sm-b9e">
         <name>__register_unlock</name>
         <value>0x3048f5</value>
         <object_component_ref idref="oc-215"/>
      </symbol>
      <symbol id="sm-baa">
         <name>__args_main</name>
         <value>0x304894</value>
         <object_component_ref idref="oc-20d"/>
      </symbol>
      <symbol id="sm-bab">
         <name>__TI_args_main</name>
         <value>0x1</value>
      </symbol>
      <symbol id="sm-bb5">
         <name>_errno</name>
         <value>0xd5aa</value>
         <object_component_ref idref="oc-20b"/>
      </symbol>
   </symbol_table>
   <title>Link successful</title>
</link_info>
